Archive member included to satisfy reference by file (symbol)

c:/program files (x86)/atollic/truestudio for stm32 9.1.0/armtools/bin/../lib/gcc/arm-atollic-eabi/6.3.1/../../../../arm-atollic-eabi/lib/armv7e-m/softfp\libc_nano.a(lib_a-fwrite.o)
                              src\main.o (fwrite)
c:/program files (x86)/atollic/truestudio for stm32 9.1.0/armtools/bin/../lib/gcc/arm-atollic-eabi/6.3.1/../../../../arm-atollic-eabi/lib/armv7e-m/softfp\libc_nano.a(lib_a-impure.o)
                              src\main.o (_impure_ptr)
c:/program files (x86)/atollic/truestudio for stm32 9.1.0/armtools/bin/../lib/gcc/arm-atollic-eabi/6.3.1/../../../../arm-atollic-eabi/lib/armv7e-m/softfp\libc_nano.a(lib_a-init.o)
                              src\startup_stm32f4xx.o (__libc_init_array)
c:/program files (x86)/atollic/truestudio for stm32 9.1.0/armtools/bin/../lib/gcc/arm-atollic-eabi/6.3.1/../../../../arm-atollic-eabi/lib/armv7e-m/softfp\libc_nano.a(lib_a-memcpy-stub.o)
                              FreeRTOS_Source\queue.o (memcpy)
c:/program files (x86)/atollic/truestudio for stm32 9.1.0/armtools/bin/../lib/gcc/arm-atollic-eabi/6.3.1/../../../../arm-atollic-eabi/lib/armv7e-m/softfp\libc_nano.a(lib_a-memset.o)
                              FreeRTOS_Source\tasks.o (memset)
c:/program files (x86)/atollic/truestudio for stm32 9.1.0/armtools/bin/../lib/gcc/arm-atollic-eabi/6.3.1/../../../../arm-atollic-eabi/lib/armv7e-m/softfp\libc_nano.a(lib_a-puts.o)
                              src\main.o (puts)
c:/program files (x86)/atollic/truestudio for stm32 9.1.0/armtools/bin/../lib/gcc/arm-atollic-eabi/6.3.1/../../../../arm-atollic-eabi/lib/armv7e-m/softfp\libc_nano.a(lib_a-rand.o)
                              src\main.o (srand)
c:/program files (x86)/atollic/truestudio for stm32 9.1.0/armtools/bin/../lib/gcc/arm-atollic-eabi/6.3.1/../../../../arm-atollic-eabi/lib/armv7e-m/softfp\libc_nano.a(lib_a-reent.o)
                              src\syscalls.o (errno)
c:/program files (x86)/atollic/truestudio for stm32 9.1.0/armtools/bin/../lib/gcc/arm-atollic-eabi/6.3.1/../../../../arm-atollic-eabi/lib/armv7e-m/softfp\libc_nano.a(lib_a-time.o)
                              src\main.o (time)
c:/program files (x86)/atollic/truestudio for stm32 9.1.0/armtools/bin/../lib/gcc/arm-atollic-eabi/6.3.1/../../../../arm-atollic-eabi/lib/armv7e-m/softfp\libc_nano.a(lib_a-wbuf.o)
                              c:/program files (x86)/atollic/truestudio for stm32 9.1.0/armtools/bin/../lib/gcc/arm-atollic-eabi/6.3.1/../../../../arm-atollic-eabi/lib/armv7e-m/softfp\libc_nano.a(lib_a-fwrite.o) (__swbuf_r)
c:/program files (x86)/atollic/truestudio for stm32 9.1.0/armtools/bin/../lib/gcc/arm-atollic-eabi/6.3.1/../../../../arm-atollic-eabi/lib/armv7e-m/softfp\libc_nano.a(lib_a-wsetup.o)
                              c:/program files (x86)/atollic/truestudio for stm32 9.1.0/armtools/bin/../lib/gcc/arm-atollic-eabi/6.3.1/../../../../arm-atollic-eabi/lib/armv7e-m/softfp\libc_nano.a(lib_a-fwrite.o) (__swsetup_r)
c:/program files (x86)/atollic/truestudio for stm32 9.1.0/armtools/bin/../lib/gcc/arm-atollic-eabi/6.3.1/../../../../arm-atollic-eabi/lib/armv7e-m/softfp\libc_nano.a(lib_a-fflush.o)
                              c:/program files (x86)/atollic/truestudio for stm32 9.1.0/armtools/bin/../lib/gcc/arm-atollic-eabi/6.3.1/../../../../arm-atollic-eabi/lib/armv7e-m/softfp\libc_nano.a(lib_a-wbuf.o) (_fflush_r)
c:/program files (x86)/atollic/truestudio for stm32 9.1.0/armtools/bin/../lib/gcc/arm-atollic-eabi/6.3.1/../../../../arm-atollic-eabi/lib/armv7e-m/softfp\libc_nano.a(lib_a-findfp.o)
                              c:/program files (x86)/atollic/truestudio for stm32 9.1.0/armtools/bin/../lib/gcc/arm-atollic-eabi/6.3.1/../../../../arm-atollic-eabi/lib/armv7e-m/softfp\libc_nano.a(lib_a-fwrite.o) (__sinit)
c:/program files (x86)/atollic/truestudio for stm32 9.1.0/armtools/bin/../lib/gcc/arm-atollic-eabi/6.3.1/../../../../arm-atollic-eabi/lib/armv7e-m/softfp\libc_nano.a(lib_a-fwalk.o)
                              c:/program files (x86)/atollic/truestudio for stm32 9.1.0/armtools/bin/../lib/gcc/arm-atollic-eabi/6.3.1/../../../../arm-atollic-eabi/lib/armv7e-m/softfp\libc_nano.a(lib_a-findfp.o) (_fwalk)
c:/program files (x86)/atollic/truestudio for stm32 9.1.0/armtools/bin/../lib/gcc/arm-atollic-eabi/6.3.1/../../../../arm-atollic-eabi/lib/armv7e-m/softfp\libc_nano.a(lib_a-gettimeofdayr.o)
                              c:/program files (x86)/atollic/truestudio for stm32 9.1.0/armtools/bin/../lib/gcc/arm-atollic-eabi/6.3.1/../../../../arm-atollic-eabi/lib/armv7e-m/softfp\libc_nano.a(lib_a-time.o) (_gettimeofday_r)
c:/program files (x86)/atollic/truestudio for stm32 9.1.0/armtools/bin/../lib/gcc/arm-atollic-eabi/6.3.1/../../../../arm-atollic-eabi/lib/armv7e-m/softfp\libc_nano.a(lib_a-makebuf.o)
[...]
Memory Configuration

Name             Origin             Length             Attributes
FLASH            0x08000000         0x00100000         xr
RAM              0x20000000         0x00020000         xrw
MEMORY_B1        0x60000000         0x00000000         xr
CCMRAM           0x10000000         0x00010000         rw
*default*        0x00000000         0xffffffff

Linker script and memory map

LOAD c:/program files (x86)/atollic/truestudio for stm32 9.1.0/armtools/bin/../lib/gcc/arm-atollic-eabi/6.3.1/armv7e-m/softfp/crti.o
LOAD c:/program files (x86)/atollic/truestudio for stm32 9.1.0/armtools/bin/../lib/gcc/arm-atollic-eabi/6.3.1/armv7e-m/softfp/crtbegin.o
LOAD FreeRTOS_Source\croutine.o
LOAD FreeRTOS_Source\event_groups.o
LOAD FreeRTOS_Source\list.o
LOAD FreeRTOS_Source\portable\GCC\ARM_CM4F\port.o
LOAD FreeRTOS_Source\portable\MemMang\heap_1.o
LOAD FreeRTOS_Source\queue.o
LOAD FreeRTOS_Source\tasks.o
LOAD FreeRTOS_Source\timers.o
LOAD Libraries\STM32F4xx_StdPeriph_Driver\src\misc.o
LOAD Libraries\STM32F4xx_StdPeriph_Driver\src\stm32f4xx_adc.o
LOAD Libraries\STM32F4xx_StdPeriph_Driver\src\stm32f4xx_can.o
LOAD Libraries\STM32F4xx_StdPeriph_Driver\src\stm32f4xx_crc.o
LOAD Libraries\STM32F4xx_StdPeriph_Driver\src\stm32f4xx_cryp.o
LOAD Libraries\STM32F4xx_StdPeriph_Driver\src\stm32f4xx_cryp_aes.o
LOAD Libraries\STM32F4xx_StdPeriph_Driver\src\stm32f4xx_cryp_des.o
LOAD Libraries\STM32F4xx_StdPeriph_Driver\src\stm32f4xx_cryp_tdes.o
LOAD Libraries\STM32F4xx_StdPeriph_Driver\src\stm32f4xx_dac.o
LOAD Libraries\STM32F4xx_StdPeriph_Driver\src\stm32f4xx_dbgmcu.o
LOAD Libraries\STM32F4xx_StdPeriph_Driver\src\stm32f4xx_dcmi.o
LOAD Libraries\STM32F4xx_StdPeriph_Driver\src\stm32f4xx_dma.o
LOAD Libraries\STM32F4xx_StdPeriph_Driver\src\stm32f4xx_exti.o
LOAD Libraries\STM32F4xx_StdPeriph_Driver\src\stm32f4xx_flash.o
LOAD Libraries\STM32F4xx_StdPeriph_Driver\src\stm32f4xx_fsmc.o
LOAD Libraries\STM32F4xx_StdPeriph_Driver\src\stm32f4xx_gpio.o
LOAD Libraries\STM32F4xx_StdPeriph_Driver\src\stm32f4xx_hash.o
LOAD Libraries\STM32F4xx_StdPeriph_Driver\src\stm32f4xx_hash_md5.o
LOAD Libraries\STM32F4xx_StdPeriph_Driver\src\stm32f4xx_hash_sha1.o
LOAD Libraries\STM32F4xx_StdPeriph_Driver\src\stm32f4xx_i2c.o
LOAD Libraries\STM32F4xx_StdPeriph_Driver\src\stm32f4xx_iwdg.o
LOAD Libraries\STM32F4xx_StdPeriph_Driver\src\stm32f4xx_pwr.o
LOAD Libraries\STM32F4xx_StdPeriph_Driver\src\stm32f4xx_rcc.o
LOAD Libraries\STM32F4xx_StdPeriph_Driver\src\stm32f4xx_rng.o
LOAD Libraries\STM32F4xx_StdPeriph_Driver\src\stm32f4xx_rtc.o
LOAD Libraries\STM32F4xx_StdPeriph_Driver\src\stm32f4xx_sdio.o
LOAD Libraries\STM32F4xx_StdPeriph_Driver\src\stm32f4xx_spi.o
LOAD Libraries\STM32F4xx_StdPeriph_Driver\src\stm32f4xx_syscfg.o
LOAD Libraries\STM32F4xx_StdPeriph_Driver\src\stm32f4xx_tim.o
LOAD Libraries\STM32F4xx_StdPeriph_Driver\src\stm32f4xx_usart.o
LOAD Libraries\STM32F4xx_StdPeriph_Driver\src\stm32f4xx_wwdg.o
LOAD Utilities\STM32F4-Discovery\stm32f4_discovery.o
LOAD Utilities\STM32F4-Discovery\stm32f4_discovery_audio_codec.o
LOAD Utilities\STM32F4-Discovery\stm32f4_discovery_lis302dl.o
LOAD src\STM32F4-Discovery_callback.o
LOAD src\main.o
LOAD src\startup_stm32f4xx.o
LOAD src\stm32f4xx_it.o
LOAD src\syscalls.o
LOAD src\system_stm32f4xx.o
LOAD src\tiny_printf.o
LOAD c:/program files (x86)/atollic/truestudio for stm32 9.1.0/armtools/bin/../lib/gcc/arm-atollic-eabi/6.3.1/../../../../arm-atollic-eabi/lib/armv7e-m/softfp\libm.a
                0x00000080                malloc_getpagesize_P = 0x80
START GROUP
LOAD c:/program files (x86)/atollic/truestudio for stm32 9.1.0/armtools/bin/../lib/gcc/arm-atollic-eabi/6.3.1/../../../../arm-atollic-eabi/lib/armv7e-m/softfp\libc_nano.a
LOAD c:/program files (x86)/atollic/truestudio for stm32 9.1.0/armtools/bin/../lib/gcc/arm-atollic-eabi/6.3.1/../../../../arm-atollic-eabi/lib/armv7e-m/softfp\libm.a
END GROUP
START GROUP
LOAD c:/program files (x86)/atollic/truestudio for stm32 9.1.0/armtools/bin/../lib/gcc/arm-atollic-eabi/6.3.1/armv7e-m/softfp\libgcc.a
LOAD c:/program files (x86)/atollic/truestudio for stm32 9.1.0/armtools/bin/../lib/gcc/arm-atollic-eabi/6.3.1/../../../../arm-atollic-eabi/lib/armv7e-m/softfp\libc_nano.a
END GROUP
START GROUP
LOAD c:/program files (x86)/atollic/truestudio for stm32 9.1.0/armtools/bin/../lib/gcc/arm-atollic-eabi/6.3.1/armv7e-m/softfp\libgcc.a
LOAD c:/program files (x86)/atollic/truestudio for stm32 9.1.0/armtools/bin/../lib/gcc/arm-atollic-eabi/6.3.1/../../../../arm-atollic-eabi/lib/armv7e-m/softfp\libc_nano.a
LOAD c:/program files (x86)/atollic/truestudio for stm32 9.1.0/armtools/bin/../lib/gcc/arm-atollic-eabi/6.3.1/../../../../arm-atollic-eabi/lib/armv7e-m/softfp\libnosys.a
END GROUP
START GROUP
LOAD c:/program files (x86)/atollic/truestudio for stm32 9.1.0/armtools/bin/../lib/gcc/arm-atollic-eabi/6.3.1/armv7e-m/softfp\libgcc.a
LOAD c:/program files (x86)/atollic/truestudio for stm32 9.1.0/armtools/bin/../lib/gcc/arm-atollic-eabi/6.3.1/../../../../arm-atollic-eabi/lib/armv7e-m/softfp\libc_nano.a
LOAD c:/program files (x86)/atollic/truestudio for stm32 9.1.0/armtools/bin/../lib/gcc/arm-atollic-eabi/6.3.1/../../../../arm-atollic-eabi/lib/armv7e-m/softfp\libnosys.a
END GROUP
LOAD c:/program files (x86)/atollic/truestudio for stm32 9.1.0/armtools/bin/../lib/gcc/arm-atollic-eabi/6.3.1/armv7e-m/softfp/crtend.o
LOAD c:/program files (x86)/atollic/truestudio for stm32 9.1.0/armtools/bin/../lib/gcc/arm-atollic-eabi/6.3.1/armv7e-m/softfp/crtn.o
                0x20020000                _estack = 0x20020000
                0x00000000                _Min_Heap_Size = 0x0
                0x00000400                _Min_Stack_Size = 0x400

.isr_vector     0x08000000      0x188
                0x08000000                . = ALIGN (0x4)
 *(.isr_vector)
 .isr_vector    0x08000000      0x188 src\startup_stm32f4xx.o
                0x08000000                g_pfnVectors
                0x08000188                . = ALIGN (0x4)

.text           0x08000190     0x5050
                0x08000190                . = ALIGN (0x4)
 *(.text)
 .text          0x08000190       0x40 c:/program files (x86)/atollic/truestudio for stm32 9.1.0/armtools/bin/../lib/gcc/arm-atollic-eabi/6.3.1/armv7e-m/softfp/crtbegin.o
 .text          0x080001d0      0x370 c:/program files (x86)/atollic/truestudio for stm32 9.1.0/armtools/bin/../lib/gcc/arm-atollic-eabi/6.3.1/armv7e-m/softfp\libgcc.a(_arm_addsubdf3.o)
                0x080001d0                __aeabi_drsub
                0x080001d8                __aeabi_dsub
                0x080001d8                __subdf3
                0x080001dc                __aeabi_dadd
                0x080001dc                __adddf3
                0x08000454                __floatunsidf
                0x08000454                __aeabi_ui2d
                0x08000474                __floatsidf
                0x08000474                __aeabi_i2d
                0x08000498                __aeabi_f2d
                0x08000498                __extendsfdf2
                0x080004d4                __floatundidf
                0x080004d4                __aeabi_ul2d
                0x080004e4                __floatdidf
                0x080004e4                __aeabi_l2d
 .text          0x08000540      0x424 c:/program files (x86)/atollic/truestudio for stm32 9.1.0/armtools/bin/../lib/gcc/arm-atollic-eabi/6.3.1/armv7e-m/softfp\libgcc.a(_arm_muldivdf3.o)
                0x08000540                __aeabi_dmul
                0x08000540                __muldf3
                0x08000794                __divdf3
                0x08000794                __aeabi_ddiv
 .text          0x08000964       0x50 c:/program files (x86)/atollic/truestudio for stm32 9.1.0/armtools/bin/../lib/gcc/arm-atollic-eabi/6.3.1/armv7e-m/softfp\libgcc.a(_arm_fixdfsi.o)
                0x08000964                __aeabi_d2iz
                0x08000964                __fixdfsi
 *(.text*)
 .text.vListInitialise
                0x080009b4       0x40 FreeRTOS_Source\list.o
                0x080009b4                vListInitialise
 .text.vListInitialiseItem
                0x080009f4       0x1a FreeRTOS_Source\list.o
                0x080009f4                vListInitialiseItem
 .text.vListInsertEnd
                0x08000a0e       0x48 FreeRTOS_Source\list.o
                0x08000a0e                vListInsertEnd
 .text.vListInsert
                0x08000a56       0x72 FreeRTOS_Source\list.o
                0x08000a56                vListInsert
 .text.uxListRemove
                0x08000ac8       0x54 FreeRTOS_Source\list.o
                0x08000ac8                uxListRemove
 .text.pxPortInitialiseStack
                0x08000b1c       0x68 FreeRTOS_Source\portable\GCC\ARM_CM4F\port.o
                0x08000b1c                pxPortInitialiseStack
 .text.prvTaskExitError
                0x08000b84       0x3c FreeRTOS_Source\portable\GCC\ARM_CM4F\port.o
 .text.SVC_Handler
                0x08000bc0       0x28 FreeRTOS_Source\portable\GCC\ARM_CM4F\port.o
                0x08000bc0                SVC_Handler
 .text.prvPortStartFirstTask
                0x08000be8       0x20 FreeRTOS_Source\portable\GCC\ARM_CM4F\port.o
 .text.xPortStartScheduler
                0x08000c08      0x118 FreeRTOS_Source\portable\GCC\ARM_CM4F\port.o
                0x08000c08                xPortStartScheduler
 .text.vPortEnterCritical
                0x08000d20       0x5c FreeRTOS_Source\portable\GCC\ARM_CM4F\port.o
                0x08000d20                vPortEnterCritical
 .text.vPortExitCritical
                0x08000d7c       0x50 FreeRTOS_Source\portable\GCC\ARM_CM4F\port.o
                0x08000d7c                vPortExitCritical
 *fill*         0x08000dcc        0x4 
 .text.PendSV_Handler
                0x08000dd0       0x68 FreeRTOS_Source\portable\GCC\ARM_CM4F\port.o
                0x08000dd0                PendSV_Handler
 .text.SysTick_Handler
                0x08000e38       0x40 FreeRTOS_Source\portable\GCC\ARM_CM4F\port.o
                0x08000e38                SysTick_Handler
 .text.vPortSetupTimerInterrupt
                0x08000e78       0x38 FreeRTOS_Source\portable\GCC\ARM_CM4F\port.o
                0x08000e78                vPortSetupTimerInterrupt
 .text.vPortEnableVFP
                0x08000eb0       0x14 FreeRTOS_Source\portable\GCC\ARM_CM4F\port.o
 .text.vPortValidateInterruptPriority
                0x08000ec4       0x7c FreeRTOS_Source\portable\GCC\ARM_CM4F\port.o
                0x08000ec4                vPortValidateInterruptPriority
 .text.pvPortMalloc
                0x08000f40       0x94 FreeRTOS_Source\portable\MemMang\heap_1.o
                0x08000f40                pvPortMalloc
 .text.vPortFree
                0x08000fd4       0x2e FreeRTOS_Source\portable\MemMang\heap_1.o
                0x08000fd4                vPortFree
 *fill*         0x08001002        0x2 
 .text.xPortGetFreeHeapSize
                0x08001004       0x1c FreeRTOS_Source\portable\MemMang\heap_1.o
                0x08001004                xPortGetFreeHeapSize
 .text.xQueueGenericReset
                0x08001020       0xd0 FreeRTOS_Source\queue.o
                0x08001020                xQueueGenericReset
 .text.xQueueGenericCreate
                0x080010f0       0x72 FreeRTOS_Source\queue.o
                0x080010f0                xQueueGenericCreate
 .text.prvInitialiseNewQueue
                0x08001162       0x3e FreeRTOS_Source\queue.o
 .text.xQueueGenericSend
                0x080011a0      0x1f4 FreeRTOS_Source\queue.o
                0x080011a0                xQueueGenericSend
 .text.xQueueGenericSendFromISR
                0x08001394      0x128 FreeRTOS_Source\queue.o
                0x08001394                xQueueGenericSendFromISR
 .text.xQueueGenericReceive
                0x080014bc      0x224 FreeRTOS_Source\queue.o
                0x080014bc                xQueueGenericReceive
 .text.prvCopyDataToQueue
                0x080016e0       0xd4 FreeRTOS_Source\queue.o
 .text.prvCopyDataFromQueue
                0x080017b4       0x4c FreeRTOS_Source\queue.o
 .text.prvUnlockQueue
                0x08001800       0xa4 FreeRTOS_Source\queue.o
 .text.prvIsQueueEmpty
                0x080018a4       0x2c FreeRTOS_Source\queue.o
 .text.prvIsQueueFull
                0x080018d0       0x30 FreeRTOS_Source\queue.o
 .text.vQueueAddToRegistry
                0x08001900       0x50 FreeRTOS_Source\queue.o
                0x08001900                vQueueAddToRegistry
 .text.vQueueWaitForMessageRestricted
                0x08001950       0x68 FreeRTOS_Source\queue.o
                0x08001950                vQueueWaitForMessageRestricted
 .text.xTaskCreate
                0x080019b8       0x82 FreeRTOS_Source\tasks.o
                0x080019b8                xTaskCreate
 .text.prvInitialiseNewTask
                0x08001a3a      0x10c FreeRTOS_Source\tasks.o
 *fill*         0x08001b46        0x2 
 .text.prvAddNewTaskToReadyList
                0x08001b48       0xd4 FreeRTOS_Source\tasks.o
 .text.vTaskDelay
                0x08001c1c       0x68 FreeRTOS_Source\tasks.o
                0x08001c1c                vTaskDelay
 .text.vTaskStartScheduler
                0x08001c84       0x98 FreeRTOS_Source\tasks.o
                0x08001c84                vTaskStartScheduler
 .text.vTaskSuspendAll
                0x08001d1c       0x1c FreeRTOS_Source\tasks.o
                0x08001d1c                vTaskSuspendAll
 .text.xTaskResumeAll
                0x08001d38      0x138 FreeRTOS_Source\tasks.o
                0x08001d38                xTaskResumeAll
 .text.xTaskGetTickCount
                0x08001e70       0x20 FreeRTOS_Source\tasks.o
                0x08001e70                xTaskGetTickCount
 .text.xTaskIncrementTick
                0x08001e90      0x178 FreeRTOS_Source\tasks.o
                0x08001e90                xTaskIncrementTick
 .text.vTaskSwitchContext
                0x08002008      0x100 FreeRTOS_Source\tasks.o
                0x08002008                vTaskSwitchContext
 .text.vTaskPlaceOnEventList
                0x08002108       0x48 FreeRTOS_Source\tasks.o
                0x08002108                vTaskPlaceOnEventList
 .text.vTaskPlaceOnEventListRestricted
                0x08002150       0x54 FreeRTOS_Source\tasks.o
                0x08002150                vTaskPlaceOnEventListRestricted
 .text.xTaskRemoveFromEventList
                0x080021a4       0xc4 FreeRTOS_Source\tasks.o
                0x080021a4                xTaskRemoveFromEventList
 .text.vTaskSetTimeOutState
                0x08002268       0x48 FreeRTOS_Source\tasks.o
                0x08002268                vTaskSetTimeOutState
 .text.xTaskCheckForTimeOut
                0x080022b0       0xbc FreeRTOS_Source\tasks.o
                0x080022b0                xTaskCheckForTimeOut
 .text.vTaskMissedYield
                0x0800236c       0x18 FreeRTOS_Source\tasks.o
                0x0800236c                vTaskMissedYield
 .text.prvIdleTask
                0x08002384       0x34 FreeRTOS_Source\tasks.o
 .text.prvInitialiseTaskLists
                0x080023b8       0x80 FreeRTOS_Source\tasks.o
 .text.prvCheckTasksWaitingTermination
                0x08002438       0x78 FreeRTOS_Source\tasks.o
 .text.prvDeleteTCB
                0x080024b0       0x20 FreeRTOS_Source\tasks.o
 .text.prvResetNextTaskUnblockTime
                0x080024d0       0x4c FreeRTOS_Source\tasks.o
 .text.xTaskGetSchedulerState
                0x0800251c       0x3c FreeRTOS_Source\tasks.o
                0x0800251c                xTaskGetSchedulerState
 .text.vTaskPriorityInherit
                0x08002558       0xec FreeRTOS_Source\tasks.o
                0x08002558                vTaskPriorityInherit
 .text.xTaskPriorityDisinherit
                0x08002644      0x108 FreeRTOS_Source\tasks.o
                0x08002644                xTaskPriorityDisinherit
 .text.pvTaskIncrementMutexHeldCount
                0x0800274c       0x28 FreeRTOS_Source\tasks.o
                0x0800274c                pvTaskIncrementMutexHeldCount
 .text.prvAddCurrentTaskToDelayedList
                0x08002774       0xcc FreeRTOS_Source\tasks.o
 .text.xTimerCreateTimerTask
                0x08002840       0x64 FreeRTOS_Source\timers.o
                0x08002840                xTimerCreateTimerTask
 .text.xTimerCreate
                0x080028a4       0x3a FreeRTOS_Source\timers.o
                0x080028a4                xTimerCreate
 .text.prvInitialiseNewTimer
                0x080028de       0x62 FreeRTOS_Source\timers.o
 .text.xTimerGenericCommand
                0x08002940       0x98 FreeRTOS_Source\timers.o
                0x08002940                xTimerGenericCommand
 .text.prvProcessExpiredTimer
                0x080029d8       0x80 FreeRTOS_Source\timers.o
 .text.prvTimerTask
                0x08002a58       0x24 FreeRTOS_Source\timers.o
 .text.prvProcessTimerOrBlockTask
                0x08002a7c       0x9c FreeRTOS_Source\timers.o
 .text.prvGetNextExpireTime
                0x08002b18       0x48 FreeRTOS_Source\timers.o
 .text.prvSampleTimeNow
                0x08002b60       0x40 FreeRTOS_Source\timers.o
 .text.prvInsertTimerInActiveList
                0x08002ba0       0x84 FreeRTOS_Source\timers.o
 .text.prvProcessReceivedCommands
                0x08002c24      0x124 FreeRTOS_Source\timers.o
 .text.prvSwitchTimerLists
                0x08002d48       0xc0 FreeRTOS_Source\timers.o
 .text.prvCheckForValidListAndQueue
                0x08002e08       0x6c FreeRTOS_Source\timers.o
 .text.ADC_Init
                0x08002e74       0xac Libraries\STM32F4xx_StdPeriph_Driver\src\stm32f4xx_adc.o
                0x08002e74                ADC_Init
 .text.ADC_Cmd  0x08002f20       0x38 Libraries\STM32F4xx_StdPeriph_Driver\src\stm32f4xx_adc.o
                0x08002f20                ADC_Cmd
 .text.ADC_RegularChannelConfig
                0x08002f58      0x194 Libraries\STM32F4xx_StdPeriph_Driver\src\stm32f4xx_adc.o
                0x08002f58                ADC_RegularChannelConfig
 .text.ADC_SoftwareStartConv
                0x080030ec       0x20 Libraries\STM32F4xx_StdPeriph_Driver\src\stm32f4xx_adc.o
                0x080030ec                ADC_SoftwareStartConv
 .text.ADC_GetConversionValue
                0x0800310c       0x1a Libraries\STM32F4xx_StdPeriph_Driver\src\stm32f4xx_adc.o
                0x0800310c                ADC_GetConversionValue
 .text.ADC_GetFlagStatus
                0x08003126       0x34 Libraries\STM32F4xx_StdPeriph_Driver\src\stm32f4xx_adc.o
                0x08003126                ADC_GetFlagStatus
 *fill*         0x0800315a        0x2 
 .text.DAC_SetChannel1Data
                0x0800315c       0x38 Libraries\STM32F4xx_StdPeriph_Driver\src\stm32f4xx_dac.o
                0x0800315c                DAC_SetChannel1Data
 .text.DMA_Init
                0x08003194       0xb0 Libraries\STM32F4xx_StdPeriph_Driver\src\stm32f4xx_dma.o
                0x08003194                DMA_Init
 .text.DMA_Cmd  0x08003244       0x38 Libraries\STM32F4xx_StdPeriph_Driver\src\stm32f4xx_dma.o
                0x08003244                DMA_Cmd
 .text.DMA_GetCmdStatus
                0x0800327c       0x30 Libraries\STM32F4xx_StdPeriph_Driver\src\stm32f4xx_dma.o
                0x0800327c                DMA_GetCmdStatus
 .text.DMA_GetFlagStatus
                0x080032ac       0x78 Libraries\STM32F4xx_StdPeriph_Driver\src\stm32f4xx_dma.o
                0x080032ac                DMA_GetFlagStatus
 .text.DMA_ClearFlag
                0x08003324       0x5c Libraries\STM32F4xx_StdPeriph_Driver\src\stm32f4xx_dma.o
                0x08003324                DMA_ClearFlag
 .text.GPIO_Init
                0x08003380      0x11c Libraries\STM32F4xx_StdPeriph_Driver\src\stm32f4xx_gpio.o
                0x08003380                GPIO_Init
 .text.GPIO_ReadInputDataBit
                0x0800349c       0x34 Libraries\STM32F4xx_StdPeriph_Driver\src\stm32f4xx_gpio.o
                0x0800349c                GPIO_ReadInputDataBit
 .text.GPIO_SetBits
                0x080034d0       0x1e Libraries\STM32F4xx_StdPeriph_Driver\src\stm32f4xx_gpio.o
                0x080034d0                GPIO_SetBits
 .text.GPIO_ResetBits
                0x080034ee       0x1e Libraries\STM32F4xx_StdPeriph_Driver\src\stm32f4xx_gpio.o
                0x080034ee                GPIO_ResetBits
 .text.RCC_AHB1PeriphClockCmd
                0x0800350c       0x40 Libraries\STM32F4xx_StdPeriph_Driver\src\stm32f4xx_rcc.o
                0x0800350c                RCC_AHB1PeriphClockCmd
 .text.RCC_APB2PeriphClockCmd
                0x0800354c       0x40 Libraries\STM32F4xx_StdPeriph_Driver\src\stm32f4xx_rcc.o
                0x0800354c                RCC_APB2PeriphClockCmd
 .text.SPI_I2S_SendData
                0x0800358c       0x1e Libraries\STM32F4xx_StdPeriph_Driver\src\stm32f4xx_spi.o
                0x0800358c                SPI_I2S_SendData
 .text.SPI_I2S_GetFlagStatus
                0x080035aa       0x38 Libraries\STM32F4xx_StdPeriph_Driver\src\stm32f4xx_spi.o
                0x080035aa                SPI_I2S_GetFlagStatus
 *fill*         0x080035e2        0x2 
 .text.STM_EVAL_LEDInit
                0x080035e4       0x5c Utilities\STM32F4-Discovery\stm32f4_discovery.o
                0x080035e4                STM_EVAL_LEDInit
 .text.Audio_MAL_IRQHandler
                0x08003640      0x100 Utilities\STM32F4-Discovery\stm32f4_discovery_audio_codec.o
 .text.DMA1_Stream7_IRQHandler
                0x08003740        0xc Utilities\STM32F4-Discovery\stm32f4_discovery_audio_codec.o
                0x08003740                DMA1_Stream7_IRQHandler
 .text.DMA1_Stream0_IRQHandler
                0x0800374c        0xc Utilities\STM32F4-Discovery\stm32f4_discovery_audio_codec.o
                0x0800374c                DMA1_Stream0_IRQHandler
 .text.SPI3_IRQHandler
                0x08003758       0x44 Utilities\STM32F4-Discovery\stm32f4_discovery_audio_codec.o
                0x08003758                SPI3_IRQHandler
 .text.EVAL_AUDIO_TransferComplete_CallBack
                0x0800379c       0x16 src\STM32F4-Discovery_callback.o
                0x0800379c                EVAL_AUDIO_TransferComplete_CallBack
 .text.EVAL_AUDIO_GetSampleCallBack
                0x080037b2       0x10 src\STM32F4-Discovery_callback.o
                0x080037b2                EVAL_AUDIO_GetSampleCallBack
 *fill*         0x080037c2        0x2 
 .text.NVIC_SetPriorityGrouping
                0x080037c4       0x48 src\main.o
 .text.init     0x0800380c       0xb8 src\main.o
                0x0800380c                init
 .text.main     0x080038c4      0x14c src\main.o
                0x080038c4                main
 .text.Potentiometer_Read_Task
                0x08003a10       0x6c src\main.o
 *fill*         0x08003a7c        0x4 
 .text.Traffic_Generator_Task
                0x08003a80       0xd4 src\main.o
 .text.Traffic_Light_State_Task
                0x08003b54       0xec src\main.o
 .text.update_traffic_display
                0x08003c40       0x60 src\main.o
                0x08003c40                update_traffic_display
 .text.traffic_light_is_green
                0x08003ca0       0x18 src\main.o
                0x08003ca0                traffic_light_is_green
 .text.System_Display_Task
                0x08003cb8      0x110 src\main.o
 .text.vApplicationMallocFailedHook
                0x08003dc8        0x6 src\main.o
                0x08003dc8                vApplicationMallocFailedHook
 .text.vApplicationStackOverflowHook
                0x08003dce        0xc src\main.o
                0x08003dce                vApplicationStackOverflowHook
 .text.vApplicationIdleHook
                0x08003dda       0x18 src\main.o
                0x08003dda                vApplicationIdleHook
 .text.prvSetupHardware
                0x08003df2        0xe src\main.o
 .text.Reset_Handler
                0x08003e00       0x48 src\startup_stm32f4xx.o
                0x08003e00                Reset_Handler
 .text.Default_Handler
                0x08003e48        0x2 src\startup_stm32f4xx.o
                0x08003e48                RTC_Alarm_IRQHandler
                0x08003e48                HASH_RNG_IRQHandler
                0x08003e48                EXTI2_IRQHandler
                0x08003e48                TIM8_CC_IRQHandler
                0x08003e48                TIM1_CC_IRQHandler
                0x08003e48                DMA2_Stream5_IRQHandler
                0x08003e48                DMA1_Stream5_IRQHandler
                0x08003e48                PVD_IRQHandler
                0x08003e48                SDIO_IRQHandler
                0x08003e48                TAMP_STAMP_IRQHandler
                0x08003e48                CAN2_RX1_IRQHandler
                0x08003e48                EXTI3_IRQHandler
                0x08003e48                TIM8_TRG_COM_TIM14_IRQHandler
                0x08003e48                TIM1_UP_TIM10_IRQHandler
                0x08003e48                TIM8_UP_TIM13_IRQHandler
                0x08003e48                I2C3_ER_IRQHandler
                0x08003e48                EXTI0_IRQHandler
                0x08003e48                I2C2_EV_IRQHandler
                0x08003e48                DMA1_Stream2_IRQHandler
                0x08003e48                CAN1_RX0_IRQHandler
                0x08003e48                FPU_IRQHandler
                0x08003e48                OTG_HS_WKUP_IRQHandler
                0x08003e48                CAN2_SCE_IRQHandler
                0x08003e48                DMA2_Stream2_IRQHandler
                0x08003e48                SPI1_IRQHandler
                0x08003e48                TIM6_DAC_IRQHandler
                0x08003e48                TIM1_BRK_TIM9_IRQHandler
                0x08003e48                DCMI_IRQHandler
                0x08003e48                CAN2_RX0_IRQHandler
                0x08003e48                DMA2_Stream3_IRQHandler
                0x08003e48                USART6_IRQHandler
                0x08003e48                USART3_IRQHandler
                0x08003e48                CRYP_IRQHandler
                0x08003e48                CAN1_RX1_IRQHandler
                0x08003e48                UART5_IRQHandler
                0x08003e48                DMA2_Stream0_IRQHandler
                0x08003e48                TIM4_IRQHandler
                0x08003e48                I2C1_EV_IRQHandler
                0x08003e48                DMA1_Stream6_IRQHandler
                0x08003e48                DMA1_Stream1_IRQHandler
                0x08003e48                UART4_IRQHandler
                0x08003e48                TIM3_IRQHandler
                0x08003e48                RCC_IRQHandler
                0x08003e48                TIM8_BRK_TIM12_IRQHandler
                0x08003e48                Default_Handler
                0x08003e48                EXTI15_10_IRQHandler
                0x08003e48                ADC_IRQHandler
                0x08003e48                TIM7_IRQHandler
                0x08003e48                CAN2_TX_IRQHandler
                0x08003e48                TIM5_IRQHandler
                0x08003e48                DMA2_Stream7_IRQHandler
                0x08003e48                I2C3_EV_IRQHandler
                0x08003e48                EXTI9_5_IRQHandler
                0x08003e48                RTC_WKUP_IRQHandler
                0x08003e48                ETH_WKUP_IRQHandler
                0x08003e48                SPI2_IRQHandler
                0x08003e48                OTG_HS_EP1_IN_IRQHandler
                0x08003e48                CAN1_TX_IRQHandler
                0x08003e48                EXTI4_IRQHandler
                0x08003e48                FSMC_IRQHandler
                0x08003e48                ETH_IRQHandler
                0x08003e48                OTG_HS_EP1_OUT_IRQHandler
                0x08003e48                WWDG_IRQHandler
                0x08003e48                TIM2_IRQHandler
                0x08003e48                OTG_FS_WKUP_IRQHandler
                0x08003e48                TIM1_TRG_COM_TIM11_IRQHandler
                0x08003e48                OTG_HS_IRQHandler
                0x08003e48                EXTI1_IRQHandler
                0x08003e48                USART2_IRQHandler
                0x08003e48                I2C2_ER_IRQHandler
                0x08003e48                DMA2_Stream1_IRQHandler
                0x08003e48                CAN1_SCE_IRQHandler
                0x08003e48                FLASH_IRQHandler
                0x08003e48                DMA2_Stream4_IRQHandler
                0x08003e48                USART1_IRQHandler
                0x08003e48                OTG_FS_IRQHandler
                0x08003e48                DMA1_Stream4_IRQHandler
                0x08003e48                I2C1_ER_IRQHandler
                0x08003e48                DMA2_Stream6_IRQHandler
                0x08003e48                DMA1_Stream3_IRQHandler
 .text.NMI_Handler
                0x08003e4a        0xe src\stm32f4xx_it.o
                0x08003e4a                NMI_Handler
 .text.HardFault_Handler
                0x08003e58        0x6 src\stm32f4xx_it.o
                0x08003e58                HardFault_Handler
 .text.MemManage_Handler
                0x08003e5e        0x6 src\stm32f4xx_it.o
                0x08003e5e                MemManage_Handler
 .text.BusFault_Handler
                0x08003e64        0x6 src\stm32f4xx_it.o
                0x08003e64                BusFault_Handler
 .text.UsageFault_Handler
                0x08003e6a        0x6 src\stm32f4xx_it.o
                0x08003e6a                UsageFault_Handler
 .text.DebugMon_Handler
                0x08003e70        0xe src\stm32f4xx_it.o
                0x08003e70                DebugMon_Handler
 *fill*         0x08003e7e        0x2 
 .text.ITM_SendChar
                0x08003e80       0x5c src\syscalls.o
 .text._gettimeofday
                0x08003edc       0x24 src\syscalls.o
                0x08003edc                _gettimeofday
 .text._write   0x08003f00       0x3c src\syscalls.o
                0x08003f00                _write
 .text._sbrk    0x08003f3c       0x40 src\syscalls.o
                0x08003f3c                _sbrk
 .text._close   0x08003f7c       0x24 src\syscalls.o
                0x08003f7c                _close
 .text._fstat   0x08003fa0       0x24 src\syscalls.o
                0x08003fa0                _fstat
 .text._isatty  0x08003fc4       0x20 src\syscalls.o
                0x08003fc4                _isatty
 .text._lseek   0x08003fe4       0x28 src\syscalls.o
                0x08003fe4                _lseek
 .text._read    0x0800400c       0x28 src\syscalls.o
                0x0800400c                _read
 .text.SystemInit
                0x08004034       0x6c src\system_stm32f4xx.o
                0x08004034                SystemInit
 .text.SetSysClock
                0x080040a0       0xf8 src\system_stm32f4xx.o
 .text.ts_itoa  0x08004198       0x92 src\tiny_printf.o
                0x08004198                ts_itoa
 .text.ts_formatstring
                0x0800422a      0x12e src\tiny_printf.o
                0x0800422a                ts_formatstring
 .text.ts_formatlength
                0x08004358      0x12c src\tiny_printf.o
                0x08004358                ts_formatlength
 .text.printf   0x08004484       0x92 src\tiny_printf.o
                0x08004484                printf
 *fill*         0x08004516        0x2 
 .text._fwrite_r
                0x08004518       0x9c c:/program files (x86)/atollic/truestudio for stm32 9.1.0/armtools/bin/../lib/gcc/arm-atollic-eabi/6.3.1/../../../../arm-atollic-eabi/lib/armv7e-m/softfp\libc_nano.a(lib_a-fwrite.o)
                0x08004518                _fwrite_r
 .text.fwrite   0x080045b4       0x1c c:/program files (x86)/atollic/truestudio for stm32 9.1.0/armtools/bin/../lib/gcc/arm-atollic-eabi/6.3.1/../../../../arm-atollic-eabi/lib/armv7e-m/softfp\libc_nano.a(lib_a-fwrite.o)
                0x080045b4                fwrite
 .text.__libc_init_array
                0x080045d0       0x48 c:/program files (x86)/atollic/truestudio for stm32 9.1.0/armtools/bin/../lib/gcc/arm-atollic-eabi/6.3.1/../../../../arm-atollic-eabi/lib/armv7e-m/softfp\libc_nano.a(lib_a-init.o)
                0x080045d0                __libc_init_array
 .text.memcpy   0x08004618       0x16 c:/program files (x86)/atollic/truestudio for stm32 9.1.0/armtools/bin/../lib/gcc/arm-atollic-eabi/6.3.1/../../../../arm-atollic-eabi/lib/armv7e-m/softfp\libc_nano.a(lib_a-memcpy-stub.o)
                0x08004618                memcpy
 .text.memset   0x0800462e       0x10 c:/program files (x86)/atollic/truestudio for stm32 9.1.0/armtools/bin/../lib/gcc/arm-atollic-eabi/6.3.1/../../../../arm-atollic-eabi/lib/armv7e-m/softfp\libc_nano.a(lib_a-memset.o)
                0x0800462e                memset
 *fill*         0x0800463e        0x2 
 .text._puts_r  0x08004640       0xb8 c:/program files (x86)/atollic/truestudio for stm32 9.1.0/armtools/bin/../lib/gcc/arm-atollic-eabi/6.3.1/../../../../arm-atollic-eabi/lib/armv7e-m/softfp\libc_nano.a(lib_a-puts.o)
                0x08004640                _puts_r
 .text.puts     0x080046f8       0x10 c:/program files (x86)/atollic/truestudio for stm32 9.1.0/armtools/bin/../lib/gcc/arm-atollic-eabi/6.3.1/../../../../arm-atollic-eabi/lib/armv7e-m/softfp\libc_nano.a(lib_a-puts.o)
                0x080046f8                puts
 .text.srand    0x08004708       0x50 c:/program files (x86)/atollic/truestudio for stm32 9.1.0/armtools/bin/../lib/gcc/arm-atollic-eabi/6.3.1/../../../../arm-atollic-eabi/lib/armv7e-m/softfp\libc_nano.a(lib_a-rand.o)
                0x08004708                srand
 .text.rand     0x08004758       0x74 c:/program files (x86)/atollic/truestudio for stm32 9.1.0/armtools/bin/../lib/gcc/arm-atollic-eabi/6.3.1/../../../../arm-atollic-eabi/lib/armv7e-m/softfp\libc_nano.a(lib_a-rand.o)
                0x08004758                rand
 .text.time     0x080047cc       0x28 c:/program files (x86)/atollic/truestudio for stm32 9.1.0/armtools/bin/../lib/gcc/arm-atollic-eabi/6.3.1/../../../../arm-atollic-eabi/lib/armv7e-m/softfp\libc_nano.a(lib_a-time.o)
                0x080047cc                time
 .text.__swbuf_r
                0x080047f4       0xa4 c:/program files (x86)/atollic/truestudio for stm32 9.1.0/armtools/bin/../lib/gcc/arm-atollic-eabi/6.3.1/../../../../arm-atollic-eabi/lib/armv7e-m/softfp\libc_nano.a(lib_a-wbuf.o)
                0x080047f4                __swbuf_r
 .text.__swsetup_r
                0x08004898       0xdc c:/program files (x86)/atollic/truestudio for stm32 9.1.0/armtools/bin/../lib/gcc/arm-atollic-eabi/6.3.1/../../../../arm-atollic-eabi/lib/armv7e-m/softfp\libc_nano.a(lib_a-wsetup.o)
                0x08004898                __swsetup_r
 .text.__sflush_r
                0x08004974      0x110 c:/program files (x86)/atollic/truestudio for stm32 9.1.0/armtools/bin/../lib/gcc/arm-atollic-eabi/6.3.1/../../../../arm-atollic-eabi/lib/armv7e-m/softfp\libc_nano.a(lib_a-fflush.o)
                0x08004974                __sflush_r
 .text._fflush_r
                0x08004a84       0x54 c:/program files (x86)/atollic/truestudio for stm32 9.1.0/armtools/bin/../lib/gcc/arm-atollic-eabi/6.3.1/../../../../arm-atollic-eabi/lib/armv7e-m/softfp\libc_nano.a(lib_a-fflush.o)
                0x08004a84                _fflush_r
 .text._cleanup_r
                0x08004ad8        0xc c:/program files (x86)/atollic/truestudio for stm32 9.1.0/armtools/bin/../lib/gcc/arm-atollic-eabi/6.3.1/../../../../arm-atollic-eabi/lib/armv7e-m/softfp\libc_nano.a(lib_a-findfp.o)
                0x08004ad8                _cleanup_r
 .text.std.isra.0
                0x08004ae4       0x48 c:/program files (x86)/atollic/truestudio for stm32 9.1.0/armtools/bin/../lib/gcc/arm-atollic-eabi/6.3.1/../../../../arm-atollic-eabi/lib/armv7e-m/softfp\libc_nano.a(lib_a-findfp.o)
 .text.__sfmoreglue
                0x08004b2c       0x2c c:/program files (x86)/atollic/truestudio for stm32 9.1.0/armtools/bin/../lib/gcc/arm-atollic-eabi/6.3.1/../../../../arm-atollic-eabi/lib/armv7e-m/softfp\libc_nano.a(lib_a-findfp.o)
                0x08004b2c                __sfmoreglue
 .text.__sinit  0x08004b58       0x60 c:/program files (x86)/atollic/truestudio for stm32 9.1.0/armtools/bin/../lib/gcc/arm-atollic-eabi/6.3.1/../../../../arm-atollic-eabi/lib/armv7e-m/softfp\libc_nano.a(lib_a-findfp.o)
                0x08004b58                __sinit
 .text.__sfp    0x08004bb8       0x78 c:/program files (x86)/atollic/truestudio for stm32 9.1.0/armtools/bin/../lib/gcc/arm-atollic-eabi/6.3.1/../../../../arm-atollic-eabi/lib/armv7e-m/softfp\libc_nano.a(lib_a-findfp.o)
                0x08004bb8                __sfp
 .text._fwalk_reent
                0x08004c30       0x3c c:/program files (x86)/atollic/truestudio for stm32 9.1.0/armtools/bin/../lib/gcc/arm-atollic-eabi/6.3.1/../../../../arm-atollic-eabi/lib/armv7e-m/softfp\libc_nano.a(lib_a-fwalk.o)
                0x08004c30                _fwalk_reent
 .text._gettimeofday_r
                0x08004c6c       0x24 c:/program files (x86)/atollic/truestudio for stm32 9.1.0/armtools/bin/../lib/gcc/arm-atollic-eabi/6.3.1/../../../../arm-atollic-eabi/lib/armv7e-m/softfp\libc_nano.a(lib_a-gettimeofdayr.o)
                0x08004c6c                _gettimeofday_r
 .text.__swhatbuf_r
                0x08004c90       0x48 c:/program files (x86)/atollic/truestudio for stm32 9.1.0/armtools/bin/../lib/gcc/arm-atollic-eabi/6.3.1/../../../../arm-atollic-eabi/lib/armv7e-m/softfp\libc_nano.a(lib_a-makebuf.o)
                0x08004c90                __swhatbuf_r
 .text.__smakebuf_r
                0x08004cd8       0x80 c:/program files (x86)/atollic/truestudio for stm32 9.1.0/armtools/bin/../lib/gcc/arm-atollic-eabi/6.3.1/../../../../arm-atollic-eabi/lib/armv7e-m/softfp\libc_nano.a(lib_a-makebuf.o)
                0x08004cd8                __smakebuf_r
 .text.malloc   0x08004d58       0x10 c:/program files (x86)/atollic/truestudio for stm32 9.1.0/armtools/bin/../lib/gcc/arm-atollic-eabi/6.3.1/../../../../arm-atollic-eabi/lib/armv7e-m/softfp\libc_nano.a(lib_a-malloc.o)
                0x08004d58                malloc
 .text._free_r  0x08004d68       0x9c c:/program files (x86)/atollic/truestudio for stm32 9.1.0/armtools/bin/../lib/gcc/arm-atollic-eabi/6.3.1/../../../../arm-atollic-eabi/lib/armv7e-m/softfp\libc_nano.a(lib_a-nano-freer.o)
                0x08004d68                _free_r
 .text._malloc_r
                0x08004e04       0xbc c:/program files (x86)/atollic/truestudio for stm32 9.1.0/armtools/bin/../lib/gcc/arm-atollic-eabi/6.3.1/../../../../arm-atollic-eabi/lib/armv7e-m/softfp\libc_nano.a(lib_a-nano-mallocr.o)
                0x08004e04                _malloc_r
 .text._sbrk_r  0x08004ec0       0x20 c:/program files (x86)/atollic/truestudio for stm32 9.1.0/armtools/bin/../lib/gcc/arm-atollic-eabi/6.3.1/../../../../arm-atollic-eabi/lib/armv7e-m/softfp\libc_nano.a(lib_a-sbrkr.o)
                0x08004ec0                _sbrk_r
 .text.__sread  0x08004ee0       0x22 c:/program files (x86)/atollic/truestudio for stm32 9.1.0/armtools/bin/../lib/gcc/arm-atollic-eabi/6.3.1/../../../../arm-atollic-eabi/lib/armv7e-m/softfp\libc_nano.a(lib_a-stdio.o)
                0x08004ee0                __sread
 .text.__swrite
                0x08004f02       0x38 c:/program files (x86)/atollic/truestudio for stm32 9.1.0/armtools/bin/../lib/gcc/arm-atollic-eabi/6.3.1/../../../../arm-atollic-eabi/lib/armv7e-m/softfp\libc_nano.a(lib_a-stdio.o)
                0x08004f02                __swrite
 .text.__sseek  0x08004f3a       0x24 c:/program files (x86)/atollic/truestudio for stm32 9.1.0/armtools/bin/../lib/gcc/arm-atollic-eabi/6.3.1/../../../../arm-atollic-eabi/lib/armv7e-m/softfp\libc_nano.a(lib_a-stdio.o)
                0x08004f3a                __sseek
 .text.__sclose
                0x08004f5e        0x8 c:/program files (x86)/atollic/truestudio for stm32 9.1.0/armtools/bin/../lib/gcc/arm-atollic-eabi/6.3.1/../../../../arm-atollic-eabi/lib/armv7e-m/softfp\libc_nano.a(lib_a-stdio.o)
                0x08004f5e                __sclose
 *fill*         0x08004f66        0x2 
 .text._write_r
                0x08004f68       0x24 c:/program files (x86)/atollic/truestudio for stm32 9.1.0/armtools/bin/../lib/gcc/arm-atollic-eabi/6.3.1/../../../../arm-atollic-eabi/lib/armv7e-m/softfp\libc_nano.a(lib_a-writer.o)
                0x08004f68                _write_r
 .text._close_r
                0x08004f8c       0x20 c:/program files (x86)/atollic/truestudio for stm32 9.1.0/armtools/bin/../lib/gcc/arm-atollic-eabi/6.3.1/../../../../arm-atollic-eabi/lib/armv7e-m/softfp\libc_nano.a(lib_a-closer.o)
                0x08004f8c                _close_r
 .text._fstat_r
                0x08004fac       0x24 c:/program files (x86)/atollic/truestudio for stm32 9.1.0/armtools/bin/../lib/gcc/arm-atollic-eabi/6.3.1/../../../../arm-atollic-eabi/lib/armv7e-m/softfp\libc_nano.a(lib_a-fstatr.o)
                0x08004fac                _fstat_r
 .text._isatty_r
                0x08004fd0       0x20 c:/program files (x86)/atollic/truestudio for stm32 9.1.0/armtools/bin/../lib/gcc/arm-atollic-eabi/6.3.1/../../../../arm-atollic-eabi/lib/armv7e-m/softfp\libc_nano.a(lib_a-isattyr.o)
                0x08004fd0                _isatty_r
 .text._lseek_r
                0x08004ff0       0x24 c:/program files (x86)/atollic/truestudio for stm32 9.1.0/armtools/bin/../lib/gcc/arm-atollic-eabi/6.3.1/../../../../arm-atollic-eabi/lib/armv7e-m/softfp\libc_nano.a(lib_a-lseekr.o)
                0x08004ff0                _lseek_r
 .text.__malloc_lock
                0x08005014        0x2 c:/program files (x86)/atollic/truestudio for stm32 9.1.0/armtools/bin/../lib/gcc/arm-atollic-eabi/6.3.1/../../../../arm-atollic-eabi/lib/armv7e-m/softfp\libc_nano.a(lib_a-mlock.o)
                0x08005014                __malloc_lock
 .text.__malloc_unlock
                0x08005016        0x2 c:/program files (x86)/atollic/truestudio for stm32 9.1.0/armtools/bin/../lib/gcc/arm-atollic-eabi/6.3.1/../../../../arm-atollic-eabi/lib/armv7e-m/softfp\libc_nano.a(lib_a-mlock.o)
                0x08005016                __malloc_unlock
 .text._read_r  0x08005018       0x24 c:/program files (x86)/atollic/truestudio for stm32 9.1.0/armtools/bin/../lib/gcc/arm-atollic-eabi/6.3.1/../../../../arm-atollic-eabi/lib/armv7e-m/softfp\libc_nano.a(lib_a-readr.o)
                0x08005018                _read_r
 *(.rodata)
 .rodata        0x0800503c        0x5 FreeRTOS_Source\tasks.o
 *fill*         0x08005041        0x3 
 .rodata        0x08005044        0xd FreeRTOS_Source\timers.o
 *fill*         0x08005051        0x3 
 .rodata        0x08005054       0xf7 src\main.o
 *(.rodata*)
 *fill*         0x0800514b        0x1 
 .rodata.GPIO_PIN
                0x0800514c        0x8 Utilities\STM32F4-Discovery\stm32f4_discovery.o
                0x0800514c                GPIO_PIN
 .rodata.GPIO_CLK
                0x08005154       0x10 Utilities\STM32F4-Discovery\stm32f4_discovery.o
                0x08005154                GPIO_CLK
 .rodata._global_impure_ptr
                0x08005164        0x4 c:/program files (x86)/atollic/truestudio for stm32 9.1.0/armtools/bin/../lib/gcc/arm-atollic-eabi/6.3.1/../../../../arm-atollic-eabi/lib/armv7e-m/softfp\libc_nano.a(lib_a-impure.o)
                0x08005164                _global_impure_ptr
 .rodata.__sf_fake_stderr
                0x08005168       0x20 c:/program files (x86)/atollic/truestudio for stm32 9.1.0/armtools/bin/../lib/gcc/arm-atollic-eabi/6.3.1/../../../../arm-atollic-eabi/lib/armv7e-m/softfp\libc_nano.a(lib_a-findfp.o)
                0x08005168                __sf_fake_stderr
 .rodata.__sf_fake_stdin
                0x08005188       0x20 c:/program files (x86)/atollic/truestudio for stm32 9.1.0/armtools/bin/../lib/gcc/arm-atollic-eabi/6.3.1/../../../../arm-atollic-eabi/lib/armv7e-m/softfp\libc_nano.a(lib_a-findfp.o)
                0x08005188                __sf_fake_stdin
 .rodata.__sf_fake_stdout
                0x080051a8       0x20 c:/program files (x86)/atollic/truestudio for stm32 9.1.0/armtools/bin/../lib/gcc/arm-atollic-eabi/6.3.1/../../../../arm-atollic-eabi/lib/armv7e-m/softfp\libc_nano.a(lib_a-findfp.o)
                0x080051a8                __sf_fake_stdout
 *(.glue_7)
 .glue_7        0x080051c8        0x0 linker stubs
 *(.glue_7t)
 .glue_7t       0x080051c8        0x0 linker stubs
 *(.eh_frame)
 .eh_frame      0x080051c8        0x0 c:/program files (x86)/atollic/truestudio for stm32 9.1.0/armtools/bin/../lib/gcc/arm-atollic-eabi/6.3.1/armv7e-m/softfp/crtbegin.o
 *(.init)
 .init          0x080051c8        0x4 c:/program files (x86)/atollic/truestudio for stm32 9.1.0/armtools/bin/../lib/gcc/arm-atollic-eabi/6.3.1/armv7e-m/softfp/crti.o
                0x080051c8                _init
 .init          0x080051cc        0x8 c:/program files (x86)/atollic/truestudio for stm32 9.1.0/armtools/bin/../lib/gcc/arm-atollic-eabi/6.3.1/armv7e-m/softfp/crtn.o
 *(.fini)
 .fini          0x080051d4        0x4 c:/program files (x86)/atollic/truestudio for stm32 9.1.0/armtools/bin/../lib/gcc/arm-atollic-eabi/6.3.1/armv7e-m/softfp/crti.o
                0x080051d4                _fini
 .fini          0x080051d8        0x8 c:/program files (x86)/atollic/truestudio for stm32 9.1.0/armtools/bin/../lib/gcc/arm-atollic-eabi/6.3.1/armv7e-m/softfp/crtn.o
                0x080051e0                . = ALIGN (0x4)
                0x080051e0                _etext = .

.vfp11_veneer   0x080051e0        0x0
 .vfp11_veneer  0x080051e0        0x0 linker stubs

.v4_bx          0x080051e0        0x0
 .v4_bx         0x080051e0        0x0 linker stubs

.iplt           0x080051e0        0x0
 .iplt          0x080051e0        0x0 c:/program files (x86)/atollic/truestudio for stm32 9.1.0/armtools/bin/../lib/gcc/arm-atollic-eabi/6.3.1/armv7e-m/softfp/crtbegin.o

.rel.dyn        0x080051e0        0x0
 .rel.iplt      0x080051e0        0x0 c:/program files (x86)/atollic/truestudio for stm32 9.1.0/armtools/bin/../lib/gcc/arm-atollic-eabi/6.3.1/armv7e-m/softfp/crtbegin.o

.ARM.extab
 *(.ARM.extab* .gnu.linkonce.armextab.*)

.ARM            0x080051e0        0x0
                0x080051e0                __exidx_start = .
 *(.ARM.exidx*)
                0x080051e0                __exidx_end = .

.preinit_array  0x080051e0        0x0
                0x080051e0                PROVIDE (__preinit_array_start, .)
 *(.preinit_array*)
                0x080051e0                PROVIDE (__preinit_array_end, .)

.init_array     0x080051e0        0x4
                0x080051e0                PROVIDE (__init_array_start, .)
 *(SORT(.init_array.*))
 *(.init_array*)
 .init_array    0x080051e0        0x4 c:/program files (x86)/atollic/truestudio for stm32 9.1.0/armtools/bin/../lib/gcc/arm-atollic-eabi/6.3.1/armv7e-m/softfp/crtbegin.o
                0x080051e4                PROVIDE (__init_array_end, .)

.fini_array     0x080051e4        0x4
                [!provide]                PROVIDE (__fini_array_start, .)
 *(SORT(.fini_array.*))
 *(.fini_array*)
 .fini_array    0x080051e4        0x4 c:/program files (x86)/atollic/truestudio for stm32 9.1.0/armtools/bin/../lib/gcc/arm-atollic-eabi/6.3.1/armv7e-m/softfp/crtbegin.o
                [!provide]                PROVIDE (__fini_array_end, .)
                0x080051e8                _sidata = LOADADDR (.data)

.data           0x20000000       0x8c load address 0x080051e8
                0x20000000                . = ALIGN (0x4)
                0x20000000                _sdata = .
 *(.data)
 *(.data*)
 .data.uxCriticalNesting
                0x20000000        0x4 FreeRTOS_Source\portable\GCC\ARM_CM4F\port.o
 .data.GPIO_PORT
                0x20000004       0x10 Utilities\STM32F4-Discovery\stm32f4_discovery.o
                0x20000004                GPIO_PORT
 .data.AudioRemSize
                0x20000014        0x4 Utilities\STM32F4-Discovery\stm32f4_discovery_audio_codec.o
                0x20000014                AudioRemSize
 .data.CurrAudioInterface
                0x20000018        0x4 Utilities\STM32F4-Discovery\stm32f4_discovery_audio_codec.o
                0x20000018                CurrAudioInterface
 .data.AUDIO_MAL_DMA_STREAM
                0x2000001c        0x4 Utilities\STM32F4-Discovery\stm32f4_discovery_audio_codec.o
                0x2000001c                AUDIO_MAL_DMA_STREAM
 .data.AUDIO_MAL_DMA_FLAG_TC
                0x20000020        0x4 Utilities\STM32F4-Discovery\stm32f4_discovery_audio_codec.o
                0x20000020                AUDIO_MAL_DMA_FLAG_TC
 .data.SystemCoreClock
                0x20000024        0x4 src\system_stm32f4xx.o
                0x20000024                SystemCoreClock
 .data._impure_ptr
                0x20000028        0x4 c:/program files (x86)/atollic/truestudio for stm32 9.1.0/armtools/bin/../lib/gcc/arm-atollic-eabi/6.3.1/../../../../arm-atollic-eabi/lib/armv7e-m/softfp\libc_nano.a(lib_a-impure.o)
                0x20000028                _impure_ptr
 .data.impure_data
                0x2000002c       0x60 c:/program files (x86)/atollic/truestudio for stm32 9.1.0/armtools/bin/../lib/gcc/arm-atollic-eabi/6.3.1/../../../../arm-atollic-eabi/lib/armv7e-m/softfp\libc_nano.a(lib_a-impure.o)
                0x2000008c                . = ALIGN (0x4)
                0x2000008c                _edata = .
                0x08005274                _siccmram = LOADADDR (.ccmram)

.igot.plt       0x2000008c        0x0 load address 0x08005274
 .igot.plt      0x2000008c        0x0 c:/program files (x86)/atollic/truestudio for stm32 9.1.0/armtools/bin/../lib/gcc/arm-atollic-eabi/6.3.1/armv7e-m/softfp/crtbegin.o

.ccmram         0x10000000        0x0 load address 0x08005274
                0x10000000                . = ALIGN (0x4)
                0x10000000                _sccmram = .
 *(.ccmram)
 *(.ccmram*)
                0x10000000                . = ALIGN (0x4)
                0x10000000                _eccmram = .
                0x10000000                . = ALIGN (0x4)

.bss            0x2000008c     0x1e40
                0x2000008c                _sbss = .
                0x2000008c                __bss_start__ = _sbss
 *(.bss)
 .bss           0x2000008c       0x1c c:/program files (x86)/atollic/truestudio for stm32 9.1.0/armtools/bin/../lib/gcc/arm-atollic-eabi/6.3.1/armv7e-m/softfp/crtbegin.o
 *(.bss*)
 .bss.ucMaxSysCallPriority
                0x200000a8        0x1 FreeRTOS_Source\portable\GCC\ARM_CM4F\port.o
 *fill*         0x200000a9        0x3 
 .bss.ulMaxPRIGROUPValue
                0x200000ac        0x4 FreeRTOS_Source\portable\GCC\ARM_CM4F\port.o
 .bss.ucHeap    0x200000b0     0x1c00 FreeRTOS_Source\portable\MemMang\heap_1.o
 .bss.xNextFreeByte
                0x20001cb0        0x4 FreeRTOS_Source\portable\MemMang\heap_1.o
 .bss.pucAlignedHeap.6221
                0x20001cb4        0x4 FreeRTOS_Source\portable\MemMang\heap_1.o
 .bss.pxCurrentTCB
                0x20001cb8        0x4 FreeRTOS_Source\tasks.o
                0x20001cb8                pxCurrentTCB
 .bss.pxReadyTasksLists
                0x20001cbc       0x64 FreeRTOS_Source\tasks.o
 .bss.xDelayedTaskList1
                0x20001d20       0x14 FreeRTOS_Source\tasks.o
 .bss.xDelayedTaskList2
                0x20001d34       0x14 FreeRTOS_Source\tasks.o
 .bss.pxDelayedTaskList
                0x20001d48        0x4 FreeRTOS_Source\tasks.o
 .bss.pxOverflowDelayedTaskList
                0x20001d4c        0x4 FreeRTOS_Source\tasks.o
 .bss.xPendingReadyList
                0x20001d50       0x14 FreeRTOS_Source\tasks.o
 .bss.xTasksWaitingTermination
                0x20001d64       0x14 FreeRTOS_Source\tasks.o
 .bss.uxDeletedTasksWaitingCleanUp
                0x20001d78        0x4 FreeRTOS_Source\tasks.o
 .bss.xSuspendedTaskList
                0x20001d7c       0x14 FreeRTOS_Source\tasks.o
 .bss.uxCurrentNumberOfTasks
                0x20001d90        0x4 FreeRTOS_Source\tasks.o
 .bss.xTickCount
                0x20001d94        0x4 FreeRTOS_Source\tasks.o
 .bss.uxTopReadyPriority
                0x20001d98        0x4 FreeRTOS_Source\tasks.o
 .bss.xSchedulerRunning
                0x20001d9c        0x4 FreeRTOS_Source\tasks.o
 .bss.uxPendedTicks
                0x20001da0        0x4 FreeRTOS_Source\tasks.o
 .bss.xYieldPending
                0x20001da4        0x4 FreeRTOS_Source\tasks.o
 .bss.xNumOfOverflows
                0x20001da8        0x4 FreeRTOS_Source\tasks.o
 .bss.uxTaskNumber
                0x20001dac        0x4 FreeRTOS_Source\tasks.o
 .bss.xNextTaskUnblockTime
                0x20001db0        0x4 FreeRTOS_Source\tasks.o
 .bss.xIdleTaskHandle
                0x20001db4        0x4 FreeRTOS_Source\tasks.o
 .bss.uxSchedulerSuspended
                0x20001db8        0x4 FreeRTOS_Source\tasks.o
 .bss.xActiveTimerList1
                0x20001dbc       0x14 FreeRTOS_Source\timers.o
 .bss.xActiveTimerList2
                0x20001dd0       0x14 FreeRTOS_Source\timers.o
 .bss.pxCurrentTimerList
                0x20001de4        0x4 FreeRTOS_Source\timers.o
 .bss.pxOverflowTimerList
                0x20001de8        0x4 FreeRTOS_Source\timers.o
 .bss.xTimerQueue
                0x20001dec        0x4 FreeRTOS_Source\timers.o
 .bss.xTimerTaskHandle
                0x20001df0        0x4 FreeRTOS_Source\timers.o
 .bss.xLastTime.6512
                0x20001df4        0x4 FreeRTOS_Source\timers.o
 .bss.xQueue_potentiometer
                0x20001df8        0x4 src\main.o
                0x20001df8                xQueue_potentiometer
 .bss.xQueue_car_generation
                0x20001dfc        0x4 src\main.o
                0x20001dfc                xQueue_car_generation
 .bss.heap_end.10227
                0x20001e00        0x4 src\syscalls.o
 .bss.__malloc_free_list
                0x20001e04        0x4 c:/program files (x86)/atollic/truestudio for stm32 9.1.0/armtools/bin/../lib/gcc/arm-atollic-eabi/6.3.1/../../../../arm-atollic-eabi/lib/armv7e-m/softfp\libc_nano.a(lib_a-nano-mallocr.o)
                0x20001e04                __malloc_free_list
 .bss.__malloc_sbrk_start
                0x20001e08        0x4 c:/program files (x86)/atollic/truestudio for stm32 9.1.0/armtools/bin/../lib/gcc/arm-atollic-eabi/6.3.1/../../../../arm-atollic-eabi/lib/armv7e-m/softfp\libc_nano.a(lib_a-nano-mallocr.o)
                0x20001e08                __malloc_sbrk_start
 *(COMMON)
 COMMON         0x20001e0c       0x40 FreeRTOS_Source\queue.o
                0x20001e0c                xQueueRegistry
 COMMON         0x20001e4c       0x7c Utilities\STM32F4-Discovery\stm32f4_discovery_audio_codec.o
                0x20001e4c                CurrentPos
                0x20001e50                AUDIO_MAL_DMA_InitStructure
                0x20001e8c                DMA_InitStructure
 COMMON         0x20001ec8        0x4 c:/program files (x86)/atollic/truestudio for stm32 9.1.0/armtools/bin/../lib/gcc/arm-atollic-eabi/6.3.1/../../../../arm-atollic-eabi/lib/armv7e-m/softfp\libc_nano.a(lib_a-reent.o)
                0x20001ec8                errno
                0x20001ecc                . = ALIGN (0x4)
                0x20001ecc                _ebss = .
                0x20001ecc                __bss_end__ = _ebss

._user_heap_stack
                0x20001ecc      0x400
                0x20001ecc                . = ALIGN (0x4)
                0x20001ecc                PROVIDE (end, .)
                [!provide]                PROVIDE (_end, .)
                0x20001ecc                . = (. + _Min_Heap_Size)
                0x200022cc                . = (. + _Min_Stack_Size)
 *fill*         0x20001ecc      0x400 
                0x200022cc                . = ALIGN (0x4)

.memory_b1_text
 *(.mb1text)
 *(.mb1text*)
 *(.mb1rodata)
 *(.mb1rodata*)

/DISCARD/
 libc.a(*)
 libm.a(*)
 libgcc.a(*)

.ARM.attributes
                0x00000000       0x2e
 *(.ARM.attributes)
 .ARM.attributes
                0x00000000       0x22 c:/program files (x86)/atollic/truestudio for stm32 9.1.0/armtools/bin/../lib/gcc/arm-atollic-eabi/6.3.1/armv7e-m/softfp/crti.o
 .ARM.attributes
                0x00000022       0x32 c:/program files (x86)/atollic/truestudio for stm32 9.1.0/armtools/bin/../lib/gcc/arm-atollic-eabi/6.3.1/armv7e-m/softfp/crtbegin.o
 .ARM.attributes
                0x00000054       0x37 FreeRTOS_Source\list.o
 .ARM.attributes
                0x0000008b       0x37 FreeRTOS_Source\portable\GCC\ARM_CM4F\port.o
 .ARM.attributes
                0x000000c2       0x37 FreeRTOS_Source\portable\MemMang\heap_1.o
 .ARM.attributes
                0x000000f9       0x37 FreeRTOS_Source\queue.o
 .ARM.attributes
                0x00000130       0x37 FreeRTOS_Source\tasks.o
 .ARM.attributes
                0x00000167       0x37 FreeRTOS_Source\timers.o
 .ARM.attributes
                0x0000019e       0x37 Libraries\STM32F4xx_StdPeriph_Driver\src\stm32f4xx_adc.o
 .ARM.attributes
                0x000001d5       0x37 Libraries\STM32F4xx_StdPeriph_Driver\src\stm32f4xx_dac.o
 .ARM.attributes
                0x0000020c       0x37 Libraries\STM32F4xx_StdPeriph_Driver\src\stm32f4xx_dma.o
 .ARM.attributes
                0x00000243       0x37 Libraries\STM32F4xx_StdPeriph_Driver\src\stm32f4xx_gpio.o
 .ARM.attributes
                0x0000027a       0x37 Libraries\STM32F4xx_StdPeriph_Driver\src\stm32f4xx_rcc.o
 .ARM.attributes
                0x000002b1       0x37 Libraries\STM32F4xx_StdPeriph_Driver\src\stm32f4xx_spi.o
 .ARM.attributes
                0x000002e8       0x37 Utilities\STM32F4-Discovery\stm32f4_discovery.o
 .ARM.attributes
                0x0000031f       0x37 Utilities\STM32F4-Discovery\stm32f4_discovery_audio_codec.o
 .ARM.attributes
                0x00000356       0x37 src\STM32F4-Discovery_callback.o
 .ARM.attributes
                0x0000038d       0x37 src\main.o
 .ARM.attributes
                0x000003c4       0x21 src\startup_stm32f4xx.o
 .ARM.attributes
                0x000003e5       0x37 src\stm32f4xx_it.o
 .ARM.attributes
                0x0000041c       0x37 src\syscalls.o
 .ARM.attributes
                0x00000453       0x37 src\system_stm32f4xx.o
 .ARM.attributes
                0x0000048a       0x37 src\tiny_printf.o
 .ARM.attributes
                0x000004c1       0x32 c:/program files (x86)/atollic/truestudio for stm32 9.1.0/armtools/bin/../lib/gcc/arm-atollic-eabi/6.3.1/../../../../arm-atollic-eabi/lib/armv7e-m/softfp\libc_nano.a(lib_a-fwrite.o)
 .ARM.attributes
                0x000004f3       0x32 c:/program files (x86)/atollic/truestudio for stm32 9.1.0/armtools/bin/../lib/gcc/arm-atollic-eabi/6.3.1/../../../../arm-atollic-eabi/lib/armv7e-m/softfp\libc_nano.a(lib_a-impure.o)
 .ARM.attributes
                0x00000525       0x32 c:/program files (x86)/atollic/truestudio for stm32 9.1.0/armtools/bin/../lib/gcc/arm-atollic-eabi/6.3.1/../../../../arm-atollic-eabi/lib/armv7e-m/softfp\libc_nano.a(lib_a-init.o)
 .ARM.attributes
                0x00000557       0x32 c:/program files (x86)/atollic/truestudio for stm32 9.1.0/armtools/bin/../lib/gcc/arm-atollic-eabi/6.3.1/../../../../arm-atollic-eabi/lib/armv7e-m/softfp\libc_nano.a(lib_a-memcpy-stub.o)
 .ARM.attributes
                0x00000589       0x32 c:/program files (x86)/atollic/truestudio for stm32 9.1.0/armtools/bin/../lib/gcc/arm-atollic-eabi/6.3.1/../../../../arm-atollic-eabi/lib/armv7e-m/softfp\libc_nano.a(lib_a-memset.o)
 .ARM.attributes
                0x000005bb       0x32 c:/program files (x86)/atollic/truestudio for stm32 9.1.0/armtools/bin/../lib/gcc/arm-atollic-eabi/6.3.1/../../../../arm-atollic-eabi/lib/armv7e-m/softfp\libc_nano.a(lib_a-puts.o)
 .ARM.attributes
                0x000005ed       0x32 c:/program files (x86)/atollic/truestudio for stm32 9.1.0/armtools/bin/../lib/gcc/arm-atollic-eabi/6.3.1/../../../../arm-atollic-eabi/lib/armv7e-m/softfp\libc_nano.a(lib_a-rand.o)
 .ARM.attributes
                0x0000061f       0x32 c:/program files (x86)/atollic/truestudio for stm32 9.1.0/armtools/bin/../lib/gcc/arm-atollic-eabi/6.3.1/../../../../arm-atollic-eabi/lib/armv7e-m/softfp\libc_nano.a(lib_a-reent.o)
 .ARM.attributes
                0x00000651       0x32 c:/program files (x86)/atollic/truestudio for stm32 9.1.0/armtools/bin/../lib/gcc/arm-atollic-eabi/6.3.1/../../../../arm-atollic-eabi/lib/armv7e-m/softfp\libc_nano.a(lib_a-time.o)
 .ARM.attributes
                0x00000683       0x32 c:/program files (x86)/atollic/truestudio for stm32 9.1.0/armtools/bin/../lib/gcc/arm-atollic-eabi/6.3.1/../../../../arm-atollic-eabi/lib/armv7e-m/softfp\libc_nano.a(lib_a-wbuf.o)
 .ARM.attributes
                0x000006b5       0x32 c:/program files (x86)/atollic/truestudio for stm32 9.1.0/armtools/bin/../lib/gcc/arm-atollic-eabi/6.3.1/../../../../arm-atollic-eabi/lib/armv7e-m/softfp\libc_nano.a(lib_a-wsetup.o)
 .ARM.attributes
                0x000006e7       0x32 c:/program files (x86)/atollic/truestudio for stm32 9.1.0/armtools/bin/../lib/gcc/arm-atollic-eabi/6.3.1/../../../../arm-atollic-eabi/lib/armv7e-m/softfp\libc_nano.a(lib_a-fflush.o)
 .ARM.attributes
                0x00000719       0x32 c:/program files (x86)/atollic/truestudio for stm32 9.1.0/armtools/bin/../lib/gcc/arm-atollic-eabi/6.3.1/../../../../arm-atollic-eabi/lib/armv7e-m/softfp\libc_nano.a(lib_a-findfp.o)
 .ARM.attributes
                0x0000074b       0x32 c:/program files (x86)/atollic/truestudio for stm32 9.1.0/armtools/bin/../lib/gcc/arm-atollic-eabi/6.3.1/../../../../arm-atollic-eabi/lib/armv7e-m/softfp\libc_nano.a(lib_a-fwalk.o)
 .ARM.attributes
                0x0000077d       0x32 c:/program files (x86)/atollic/truestudio for stm32 9.1.0/armtools/bin/../lib/gcc/arm-atollic-eabi/6.3.1/../../../../arm-atollic-eabi/lib/armv7e-m/softfp\libc_nano.a(lib_a-gettimeofdayr.o)
 .ARM.attributes
                0x000007af       0x32 c:/program files (x86)/atollic/truestudio for stm32 9.1.0/armtools/bin/../lib/gcc/arm-atollic-eabi/6.3.1/../../../../arm-atollic-eabi/lib/armv7e-m/softfp\libc_nano.a(lib_a-makebuf.o)
 .ARM.attributes
                0x000007e1       0x32 c:/program files (x86)/atollic/truestudio for stm32 9.1.0/armtools/bin/../lib/gcc/arm-atollic-eabi/6.3.1/../../../../arm-atollic-eabi/lib/armv7e-m/softfp\libc_nano.a(lib_a-malloc.o)
 .ARM.attributes
                0x00000813       0x32 c:/program files (x86)/atollic/truestudio for stm32 9.1.0/armtools/bin/../lib/gcc/arm-atollic-eabi/6.3.1/../../../../arm-atollic-eabi/lib/armv7e-m/softfp\libc_nano.a(lib_a-nano-freer.o)
 .ARM.attributes
                0x00000845       0x32 c:/program files (x86)/atollic/truestudio for stm32 9.1.0/armtools/bin/../lib/gcc/arm-atollic-eabi/6.3.1/../../../../arm-atollic-eabi/lib/armv7e-m/softfp\libc_nano.a(lib_a-nano-mallocr.o)
 .ARM.attributes
                0x00000877       0x32 c:/program files (x86)/atollic/truestudio for stm32 9.1.0/armtools/bin/../lib/gcc/arm-atollic-eabi/6.3.1/../../../../arm-atollic-eabi/lib/armv7e-m/softfp\libc_nano.a(lib_a-sbrkr.o)
 .ARM.attributes
                0x000008a9       0x32 c:/program files (x86)/atollic/truestudio for stm32 9.1.0/armtools/bin/../lib/gcc/arm-atollic-eabi/6.3.1/../../../../arm-atollic-eabi/lib/armv7e-m/softfp\libc_nano.a(lib_a-stdio.o)
 .ARM.attributes
                0x000008db       0x32 c:/program files (x86)/atollic/truestudio for stm32 9.1.0/armtools/bin/../lib/gcc/arm-atollic-eabi/6.3.1/../../../../arm-atollic-eabi/lib/armv7e-m/softfp\libc_nano.a(lib_a-writer.o)
 .ARM.attributes
                0x0000090d       0x32 c:/program files (x86)/atollic/truestudio for stm32 9.1.0/armtools/bin/../lib/gcc/arm-atollic-eabi/6.3.1/../../../../arm-atollic-eabi/lib/armv7e-m/softfp\libc_nano.a(lib_a-closer.o)
 .ARM.attributes
                0x0000093f       0x32 c:/program files (x86)/atollic/truestudio for stm32 9.1.0/armtools/bin/../lib/gcc/arm-atollic-eabi/6.3.1/../../../../arm-atollic-eabi/lib/armv7e-m/softfp\libc_nano.a(lib_a-fstatr.o)
 .ARM.attributes
                0x00000971       0x32 c:/program files (x86)/atollic/truestudio for stm32 9.1.0/armtools/bin/../lib/gcc/arm-atollic-eabi/6.3.1/../../../../arm-atollic-eabi/lib/armv7e-m/softfp\libc_nano.a(lib_a-isattyr.o)
 .ARM.attributes
                0x000009a3       0x32 c:/program files (x86)/atollic/truestudio for stm32 9.1.0/armtools/bin/../lib/gcc/arm-atollic-eabi/6.3.1/../../../../arm-atollic-eabi/lib/armv7e-m/softfp\libc_nano.a(lib_a-lseekr.o)
 .ARM.attributes
                0x000009d5       0x32 c:/program files (x86)/atollic/truestudio for stm32 9.1.0/armtools/bin/../lib/gcc/arm-atollic-eabi/6.3.1/../../../../arm-atollic-eabi/lib/armv7e-m/softfp\libc_nano.a(lib_a-mlock.o)
 .ARM.attributes
                0x00000a07       0x32 c:/program files (x86)/atollic/truestudio for stm32 9.1.0/armtools/bin/../lib/gcc/arm-atollic-eabi/6.3.1/../../../../arm-atollic-eabi/lib/armv7e-m/softfp\libc_nano.a(lib_a-readr.o)
 .ARM.attributes
                0x00000a39       0x22 c:/program files (x86)/atollic/truestudio for stm32 9.1.0/armtools/bin/../lib/gcc/arm-atollic-eabi/6.3.1/armv7e-m/softfp\libgcc.a(_arm_addsubdf3.o)
 .ARM.attributes
                0x00000a5b       0x22 c:/program files (x86)/atollic/truestudio for stm32 9.1.0/armtools/bin/../lib/gcc/arm-atollic-eabi/6.3.1/armv7e-m/softfp\libgcc.a(_arm_muldivdf3.o)
 .ARM.attributes
                0x00000a7d       0x22 c:/program files (x86)/atollic/truestudio for stm32 9.1.0/armtools/bin/../lib/gcc/arm-atollic-eabi/6.3.1/armv7e-m/softfp\libgcc.a(_arm_fixdfsi.o)
 .ARM.attributes
                0x00000a9f       0x22 c:/program files (x86)/atollic/truestudio for stm32 9.1.0/armtools/bin/../lib/gcc/arm-atollic-eabi/6.3.1/armv7e-m/softfp/crtn.o
OUTPUT(STM32F4_Discovery_FreeRTOS_Simple_Demo.elf elf32-littlearm)

.debug_info     0x00000000     0xf3a6
 .debug_info    0x00000000      0xac3 FreeRTOS_Source\list.o
 .debug_info    0x00000ac3      0x50b FreeRTOS_Source\portable\GCC\ARM_CM4F\port.o
 .debug_info    0x00000fce      0x9e9 FreeRTOS_Source\portable\MemMang\heap_1.o
 .debug_info    0x000019b7     0x1b75 FreeRTOS_Source\queue.o
 .debug_info    0x0000352c     0x2255 FreeRTOS_Source\tasks.o
 .debug_info    0x00005781     0x136a FreeRTOS_Source\timers.o
 .debug_info    0x00006aeb      0xc4f Libraries\STM32F4xx_StdPeriph_Driver\src\stm32f4xx_adc.o
 .debug_info    0x0000773a      0x654 Libraries\STM32F4xx_StdPeriph_Driver\src\stm32f4xx_dac.o
 .debug_info    0x00007d8e      0x74c Libraries\STM32F4xx_StdPeriph_Driver\src\stm32f4xx_dma.o
 .debug_info    0x000084da      0x628 Libraries\STM32F4xx_StdPeriph_Driver\src\stm32f4xx_gpio.o
 .debug_info    0x00008b02      0xc72 Libraries\STM32F4xx_StdPeriph_Driver\src\stm32f4xx_rcc.o
 .debug_info    0x00009774      0xb1a Libraries\STM32F4xx_StdPeriph_Driver\src\stm32f4xx_spi.o
 .debug_info    0x0000a28e      0x8ae Utilities\STM32F4-Discovery\stm32f4_discovery.o
 .debug_info    0x0000ab3c     0x108b Utilities\STM32F4-Discovery\stm32f4_discovery_audio_codec.o
 .debug_info    0x0000bbc7      0x12d src\STM32F4-Discovery_callback.o
 .debug_info    0x0000bcf4     0x1205 src\main.o
 .debug_info    0x0000cef9       0x85 src\startup_stm32f4xx.o
 .debug_info    0x0000cf7e      0x121 src\stm32f4xx_it.o
 .debug_info    0x0000d09f     0x11e2 src\syscalls.o
 .debug_info    0x0000e281      0x5d0 src\system_stm32f4xx.o
 .debug_info    0x0000e851      0xb55 src\tiny_printf.o

.debug_abbrev   0x00000000     0x26f2
 .debug_abbrev  0x00000000      0x1c5 FreeRTOS_Source\list.o
 .debug_abbrev  0x000001c5      0x1d5 FreeRTOS_Source\portable\GCC\ARM_CM4F\port.o
 .debug_abbrev  0x0000039a      0x245 FreeRTOS_Source\portable\MemMang\heap_1.o
 .debug_abbrev  0x000005df      0x2d4 FreeRTOS_Source\queue.o
 .debug_abbrev  0x000008b3      0x362 FreeRTOS_Source\tasks.o
 .debug_abbrev  0x00000c15      0x288 FreeRTOS_Source\timers.o
 .debug_abbrev  0x00000e9d      0x1ab Libraries\STM32F4xx_StdPeriph_Driver\src\stm32f4xx_adc.o
 .debug_abbrev  0x00001048      0x191 Libraries\STM32F4xx_StdPeriph_Driver\src\stm32f4xx_dac.o
 .debug_abbrev  0x000011d9      0x168 Libraries\STM32F4xx_StdPeriph_Driver\src\stm32f4xx_dma.o
 .debug_abbrev  0x00001341      0x1b8 Libraries\STM32F4xx_StdPeriph_Driver\src\stm32f4xx_gpio.o
 .debug_abbrev  0x000014f9      0x1f8 Libraries\STM32F4xx_StdPeriph_Driver\src\stm32f4xx_rcc.o
 .debug_abbrev  0x000016f1      0x17a Libraries\STM32F4xx_StdPeriph_Driver\src\stm32f4xx_spi.o
 .debug_abbrev  0x0000186b      0x1bd Utilities\STM32F4-Discovery\stm32f4_discovery.o
 .debug_abbrev  0x00001a28      0x276 Utilities\STM32F4-Discovery\stm32f4_discovery_audio_codec.o
 .debug_abbrev  0x00001c9e       0xa3 src\STM32F4-Discovery_callback.o
 .debug_abbrev  0x00001d41      0x2e2 src\main.o
 .debug_abbrev  0x00002023       0x12 src\startup_stm32f4xx.o
 .debug_abbrev  0x00002035       0x78 src\stm32f4xx_it.o
 .debug_abbrev  0x000020ad      0x2d9 src\syscalls.o
 .debug_abbrev  0x00002386      0x158 src\system_stm32f4xx.o
 .debug_abbrev  0x000024de      0x214 src\tiny_printf.o

.debug_aranges  0x00000000      0xda8
 .debug_aranges
                0x00000000       0x40 FreeRTOS_Source\list.o
 .debug_aranges
                0x00000040       0x80 FreeRTOS_Source\portable\GCC\ARM_CM4F\port.o
 .debug_aranges
                0x000000c0       0x38 FreeRTOS_Source\portable\MemMang\heap_1.o
 .debug_aranges
                0x000000f8      0x100 FreeRTOS_Source\queue.o
 .debug_aranges
                0x000001f8      0x1a0 FreeRTOS_Source\tasks.o
 .debug_aranges
                0x00000398       0xb8 FreeRTOS_Source\timers.o
 .debug_aranges
                0x00000450      0x148 Libraries\STM32F4xx_StdPeriph_Driver\src\stm32f4xx_adc.o
 .debug_aranges
                0x00000598       0xa0 Libraries\STM32F4xx_StdPeriph_Driver\src\stm32f4xx_dac.o
 .debug_aranges
                0x00000638       0xb0 Libraries\STM32F4xx_StdPeriph_Driver\src\stm32f4xx_dma.o
 .debug_aranges
                0x000006e8       0x88 Libraries\STM32F4xx_StdPeriph_Driver\src\stm32f4xx_gpio.o
 .debug_aranges
                0x00000770      0x178 Libraries\STM32F4xx_StdPeriph_Driver\src\stm32f4xx_rcc.o
 .debug_aranges
                0x000008e8       0xe0 Libraries\STM32F4xx_StdPeriph_Driver\src\stm32f4xx_spi.o
 .debug_aranges
                0x000009c8       0x48 Utilities\STM32F4-Discovery\stm32f4_discovery.o
 .debug_aranges
                0x00000a10      0x130 Utilities\STM32F4-Discovery\stm32f4_discovery_audio_codec.o
 .debug_aranges
                0x00000b40       0x30 src\STM32F4-Discovery_callback.o
 .debug_aranges
                0x00000b70       0x80 src\main.o
 .debug_aranges
                0x00000bf0       0x28 src\startup_stm32f4xx.o
 .debug_aranges
                0x00000c18       0x48 src\stm32f4xx_it.o
 .debug_aranges
                0x00000c60       0xd0 src\syscalls.o
 .debug_aranges
                0x00000d30       0x30 src\system_stm32f4xx.o
 .debug_aranges
                0x00000d60       0x48 src\tiny_printf.o

.debug_ranges   0x00000000      0xc60
 .debug_ranges  0x00000000       0x30 FreeRTOS_Source\list.o
 .debug_ranges  0x00000030       0x70 FreeRTOS_Source\portable\GCC\ARM_CM4F\port.o
 .debug_ranges  0x000000a0       0x28 FreeRTOS_Source\portable\MemMang\heap_1.o
 .debug_ranges  0x000000c8       0xf0 FreeRTOS_Source\queue.o
 .debug_ranges  0x000001b8      0x190 FreeRTOS_Source\tasks.o
 .debug_ranges  0x00000348       0xa8 FreeRTOS_Source\timers.o
 .debug_ranges  0x000003f0      0x138 Libraries\STM32F4xx_StdPeriph_Driver\src\stm32f4xx_adc.o
 .debug_ranges  0x00000528       0x90 Libraries\STM32F4xx_StdPeriph_Driver\src\stm32f4xx_dac.o
 .debug_ranges  0x000005b8       0xa0 Libraries\STM32F4xx_StdPeriph_Driver\src\stm32f4xx_dma.o
 .debug_ranges  0x00000658       0x78 Libraries\STM32F4xx_StdPeriph_Driver\src\stm32f4xx_gpio.o
 .debug_ranges  0x000006d0      0x168 Libraries\STM32F4xx_StdPeriph_Driver\src\stm32f4xx_rcc.o
 .debug_ranges  0x00000838       0xd0 Libraries\STM32F4xx_StdPeriph_Driver\src\stm32f4xx_spi.o
 .debug_ranges  0x00000908       0x38 Utilities\STM32F4-Discovery\stm32f4_discovery.o
 .debug_ranges  0x00000940      0x120 Utilities\STM32F4-Discovery\stm32f4_discovery_audio_codec.o
 .debug_ranges  0x00000a60       0x20 src\STM32F4-Discovery_callback.o
 .debug_ranges  0x00000a80       0x70 src\main.o
 .debug_ranges  0x00000af0       0x20 src\startup_stm32f4xx.o
 .debug_ranges  0x00000b10       0x38 src\stm32f4xx_it.o
 .debug_ranges  0x00000b48       0xc0 src\syscalls.o
 .debug_ranges  0x00000c08       0x20 src\system_stm32f4xx.o
 .debug_ranges  0x00000c28       0x38 src\tiny_printf.o

.debug_line     0x00000000     0x5f07
 .debug_line    0x00000000      0x31c FreeRTOS_Source\list.o
 .debug_line    0x0000031c      0x388 FreeRTOS_Source\portable\GCC\ARM_CM4F\port.o
 .debug_line    0x000006a4      0x2f6 FreeRTOS_Source\portable\MemMang\heap_1.o
 .debug_line    0x0000099a      0xa5b FreeRTOS_Source\queue.o
 .debug_line    0x000013f5      0xd9f FreeRTOS_Source\tasks.o
 .debug_line    0x00002194      0x60e FreeRTOS_Source\timers.o
 .debug_line    0x000027a2      0x572 Libraries\STM32F4xx_StdPeriph_Driver\src\stm32f4xx_adc.o
 .debug_line    0x00002d14      0x367 Libraries\STM32F4xx_StdPeriph_Driver\src\stm32f4xx_dac.o
 .debug_line    0x0000307b      0x43f Libraries\STM32F4xx_StdPeriph_Driver\src\stm32f4xx_dma.o
 .debug_line    0x000034ba      0x375 Libraries\STM32F4xx_StdPeriph_Driver\src\stm32f4xx_gpio.o
 .debug_line    0x0000382f      0x5ba Libraries\STM32F4xx_StdPeriph_Driver\src\stm32f4xx_rcc.o
 .debug_line    0x00003de9      0x46e Libraries\STM32F4xx_StdPeriph_Driver\src\stm32f4xx_spi.o
 .debug_line    0x00004257      0x2a4 Utilities\STM32F4-Discovery\stm32f4_discovery.o
 .debug_line    0x000044fb      0x70f Utilities\STM32F4-Discovery\stm32f4_discovery_audio_codec.o
 .debug_line    0x00004c0a      0x1c4 src\STM32F4-Discovery_callback.o
 .debug_line    0x00004dce      0x576 src\main.o
 .debug_line    0x00005344       0x77 src\startup_stm32f4xx.o
 .debug_line    0x000053bb      0x1f4 src\stm32f4xx_it.o
 .debug_line    0x000055af      0x4c6 src\syscalls.o
 .debug_line    0x00005a75      0x219 src\system_stm32f4xx.o
 .debug_line    0x00005c8e      0x279 src\tiny_printf.o

.debug_str      0x00000000     0x4a93
 .debug_str     0x00000000      0x6b5 FreeRTOS_Source\list.o
                                0x750 (size before relaxing)
 .debug_str     0x000006b5      0x26d FreeRTOS_Source\portable\GCC\ARM_CM4F\port.o
                                0x468 (size before relaxing)
 .debug_str     0x00000922       0xc5 FreeRTOS_Source\portable\MemMang\heap_1.o
                                0x6f4 (size before relaxing)
 .debug_str     0x000009e7      0x555 FreeRTOS_Source\queue.o
                                0xc96 (size before relaxing)
 .debug_str     0x00000f3c      0x9da FreeRTOS_Source\tasks.o
                               0x1204 (size before relaxing)
 .debug_str     0x00001916      0x41c FreeRTOS_Source\timers.o
                                0xb8e (size before relaxing)
 .debug_str     0x00001d32      0x67d Libraries\STM32F4xx_StdPeriph_Driver\src\stm32f4xx_adc.o
                                0x89a (size before relaxing)
 .debug_str     0x000023af      0x271 Libraries\STM32F4xx_StdPeriph_Driver\src\stm32f4xx_dac.o
                                0x4e9 (size before relaxing)
 .debug_str     0x00002620      0x377 Libraries\STM32F4xx_StdPeriph_Driver\src\stm32f4xx_dma.o
                                0x5d8 (size before relaxing)
 .debug_str     0x00002997      0x305 Libraries\STM32F4xx_StdPeriph_Driver\src\stm32f4xx_gpio.o
                                0x539 (size before relaxing)
 .debug_str     0x00002c9c      0x66e Libraries\STM32F4xx_StdPeriph_Driver\src\stm32f4xx_rcc.o
                                0x8e6 (size before relaxing)
 .debug_str     0x0000330a      0x3a6 Libraries\STM32F4xx_StdPeriph_Driver\src\stm32f4xx_spi.o
                                0x720 (size before relaxing)
 .debug_str     0x000036b0      0x811 Utilities\STM32F4-Discovery\stm32f4_discovery.o
                                0xbbf (size before relaxing)
 .debug_str     0x00003ec1      0x4f4 Utilities\STM32F4-Discovery\stm32f4_discovery_audio_codec.o
                               0x10fa (size before relaxing)
 .debug_str     0x000043b5       0x84 src\STM32F4-Discovery_callback.o
                                0x284 (size before relaxing)
 .debug_str     0x00004439      0x24c src\main.o
                                0xbe7 (size before relaxing)
 .debug_str     0x00004685       0x7b src\stm32f4xx_it.o
                                0x25a (size before relaxing)
 .debug_str     0x00004700      0x28f src\syscalls.o
                                0x99c (size before relaxing)
 .debug_str     0x0000498f       0x88 src\system_stm32f4xx.o
                                0x411 (size before relaxing)
 .debug_str     0x00004a17       0x7c src\tiny_printf.o
                                0x665 (size before relaxing)

.comment        0x00000000       0x7c
 .comment       0x00000000       0x7c FreeRTOS_Source\list.o
                                 0x7d (size before relaxing)
 .comment       0x0000007c       0x7d FreeRTOS_Source\portable\GCC\ARM_CM4F\port.o
 .comment       0x0000007c       0x7d FreeRTOS_Source\portable\MemMang\heap_1.o
 .comment       0x0000007c       0x7d FreeRTOS_Source\queue.o
 .comment       0x0000007c       0x7d FreeRTOS_Source\tasks.o
 .comment       0x0000007c       0x7d FreeRTOS_Source\timers.o
 .comment       0x0000007c       0x7d Libraries\STM32F4xx_StdPeriph_Driver\src\stm32f4xx_adc.o
 .comment       0x0000007c       0x7d Libraries\STM32F4xx_StdPeriph_Driver\src\stm32f4xx_dac.o
 .comment       0x0000007c       0x7d Libraries\STM32F4xx_StdPeriph_Driver\src\stm32f4xx_dma.o
 .comment       0x0000007c       0x7d Libraries\STM32F4xx_StdPeriph_Driver\src\stm32f4xx_gpio.o
 .comment       0x0000007c       0x7d Libraries\STM32F4xx_StdPeriph_Driver\src\stm32f4xx_rcc.o
 .comment       0x0000007c       0x7d Libraries\STM32F4xx_StdPeriph_Driver\src\stm32f4xx_spi.o
 .comment       0x0000007c       0x7d Utilities\STM32F4-Discovery\stm32f4_discovery.o
 .comment       0x0000007c       0x7d Utilities\STM32F4-Discovery\stm32f4_discovery_audio_codec.o
 .comment       0x0000007c       0x7d src\STM32F4-Discovery_callback.o
 .comment       0x0000007c       0x7d src\main.o
 .comment       0x0000007c       0x7d src\stm32f4xx_it.o
 .comment       0x0000007c       0x7d src\syscalls.o
 .comment       0x0000007c       0x7d src\system_stm32f4xx.o
 .comment       0x0000007c       0x7d src\tiny_printf.o

.debug_frame    0x00000000     0x3ff8
 .debug_frame   0x00000000       0xd8 FreeRTOS_Source\list.o
 .debug_frame   0x000000d8      0x19c FreeRTOS_Source\portable\GCC\ARM_CM4F\port.o
 .debug_frame   0x00000274       0x9c FreeRTOS_Source\portable\MemMang\heap_1.o
 .debug_frame   0x00000310      0x448 FreeRTOS_Source\queue.o
 .debug_frame   0x00000758      0x700 FreeRTOS_Source\tasks.o
 .debug_frame   0x00000e58      0x2f0 FreeRTOS_Source\timers.o
 .debug_frame   0x00001148      0x5ec Libraries\STM32F4xx_StdPeriph_Driver\src\stm32f4xx_adc.o
 .debug_frame   0x00001734      0x2ac Libraries\STM32F4xx_StdPeriph_Driver\src\stm32f4xx_dac.o
 .debug_frame   0x000019e0      0x308 Libraries\STM32F4xx_StdPeriph_Driver\src\stm32f4xx_dma.o
 .debug_frame   0x00001ce8      0x23c Libraries\STM32F4xx_StdPeriph_Driver\src\stm32f4xx_gpio.o
 .debug_frame   0x00001f24      0x6d4 Libraries\STM32F4xx_StdPeriph_Driver\src\stm32f4xx_rcc.o
 .debug_frame   0x000025f8      0x3f4 Libraries\STM32F4xx_StdPeriph_Driver\src\stm32f4xx_spi.o
 .debug_frame   0x000029ec       0xf4 Utilities\STM32F4-Discovery\stm32f4_discovery.o
 .debug_frame   0x00002ae0      0x4bc Utilities\STM32F4-Discovery\stm32f4_discovery_audio_codec.o
 .debug_frame   0x00002f9c       0x70 src\STM32F4-Discovery_callback.o
 .debug_frame   0x0000300c      0x1c0 src\main.o
 .debug_frame   0x000031cc       0xb0 src\stm32f4xx_it.o
 .debug_frame   0x0000327c      0x380 src\syscalls.o
 .debug_frame   0x000035fc       0x7c src\system_stm32f4xx.o
 .debug_frame   0x00003678      0x150 src\tiny_printf.o
 .debug_frame   0x000037c8       0x4c c:/program files (x86)/atollic/truestudio for stm32 9.1.0/armtools/bin/../lib/gcc/arm-atollic-eabi/6.3.1/../../../../arm-atollic-eabi/lib/armv7e-m/softfp\libc_nano.a(lib_a-fwrite.o)
 .debug_frame   0x00003814       0x2c c:/program files (x86)/atollic/truestudio for stm32 9.1.0/armtools/bin/../lib/gcc/arm-atollic-eabi/6.3.1/../../../../arm-atollic-eabi/lib/armv7e-m/softfp\libc_nano.a(lib_a-init.o)
 .debug_frame   0x00003840       0x28 c:/program files (x86)/atollic/truestudio for stm32 9.1.0/armtools/bin/../lib/gcc/arm-atollic-eabi/6.3.1/../../../../arm-atollic-eabi/lib/armv7e-m/softfp\libc_nano.a(lib_a-memcpy-stub.o)
 .debug_frame   0x00003868       0x20 c:/program files (x86)/atollic/truestudio for stm32 9.1.0/armtools/bin/../lib/gcc/arm-atollic-eabi/6.3.1/../../../../arm-atollic-eabi/lib/armv7e-m/softfp\libc_nano.a(lib_a-memset.o)
 .debug_frame   0x00003888       0x3c c:/program files (x86)/atollic/truestudio for stm32 9.1.0/armtools/bin/../lib/gcc/arm-atollic-eabi/6.3.1/../../../../arm-atollic-eabi/lib/armv7e-m/softfp\libc_nano.a(lib_a-puts.o)
 .debug_frame   0x000038c4       0x44 c:/program files (x86)/atollic/truestudio for stm32 9.1.0/armtools/bin/../lib/gcc/arm-atollic-eabi/6.3.1/../../../../arm-atollic-eabi/lib/armv7e-m/softfp\libc_nano.a(lib_a-rand.o)
 .debug_frame   0x00003908       0x5c c:/program files (x86)/atollic/truestudio for stm32 9.1.0/armtools/bin/../lib/gcc/arm-atollic-eabi/6.3.1/../../../../arm-atollic-eabi/lib/armv7e-m/softfp\libc_nano.a(lib_a-reent.o)
 .debug_frame   0x00003964       0x2c c:/program files (x86)/atollic/truestudio for stm32 9.1.0/armtools/bin/../lib/gcc/arm-atollic-eabi/6.3.1/../../../../arm-atollic-eabi/lib/armv7e-m/softfp\libc_nano.a(lib_a-time.o)
 .debug_frame   0x00003990       0x40 c:/program files (x86)/atollic/truestudio for stm32 9.1.0/armtools/bin/../lib/gcc/arm-atollic-eabi/6.3.1/../../../../arm-atollic-eabi/lib/armv7e-m/softfp\libc_nano.a(lib_a-wbuf.o)
 .debug_frame   0x000039d0       0x2c c:/program files (x86)/atollic/truestudio for stm32 9.1.0/armtools/bin/../lib/gcc/arm-atollic-eabi/6.3.1/../../../../arm-atollic-eabi/lib/armv7e-m/softfp\libc_nano.a(lib_a-wsetup.o)
 .debug_frame   0x000039fc       0x68 c:/program files (x86)/atollic/truestudio for stm32 9.1.0/armtools/bin/../lib/gcc/arm-atollic-eabi/6.3.1/../../../../arm-atollic-eabi/lib/armv7e-m/softfp\libc_nano.a(lib_a-fflush.o)
 .debug_frame   0x00003a64      0x11c c:/program files (x86)/atollic/truestudio for stm32 9.1.0/armtools/bin/../lib/gcc/arm-atollic-eabi/6.3.1/../../../../arm-atollic-eabi/lib/armv7e-m/softfp\libc_nano.a(lib_a-findfp.o)
 .debug_frame   0x00003b80       0x54 c:/program files (x86)/atollic/truestudio for stm32 9.1.0/armtools/bin/../lib/gcc/arm-atollic-eabi/6.3.1/../../../../arm-atollic-eabi/lib/armv7e-m/softfp\libc_nano.a(lib_a-fwalk.o)
 .debug_frame   0x00003bd4       0x2c c:/program files (x86)/atollic/truestudio for stm32 9.1.0/armtools/bin/../lib/gcc/arm-atollic-eabi/6.3.1/../../../../arm-atollic-eabi/lib/armv7e-m/softfp\libc_nano.a(lib_a-gettimeofdayr.o)
 .debug_frame   0x00003c00       0x58 c:/program files (x86)/atollic/truestudio for stm32 9.1.0/armtools/bin/../lib/gcc/arm-atollic-eabi/6.3.1/../../../../arm-atollic-eabi/lib/armv7e-m/softfp\libc_nano.a(lib_a-makebuf.o)
 .debug_frame   0x00003c58       0x30 c:/program files (x86)/atollic/truestudio for stm32 9.1.0/armtools/bin/../lib/gcc/arm-atollic-eabi/6.3.1/../../../../arm-atollic-eabi/lib/armv7e-m/softfp\libc_nano.a(lib_a-malloc.o)
 .debug_frame   0x00003c88       0x38 c:/program files (x86)/atollic/truestudio for stm32 9.1.0/armtools/bin/../lib/gcc/arm-atollic-eabi/6.3.1/../../../../arm-atollic-eabi/lib/armv7e-m/softfp\libc_nano.a(lib_a-nano-freer.o)
 .debug_frame   0x00003cc0       0x2c c:/program files (x86)/atollic/truestudio for stm32 9.1.0/armtools/bin/../lib/gcc/arm-atollic-eabi/6.3.1/../../../../arm-atollic-eabi/lib/armv7e-m/softfp\libc_nano.a(lib_a-nano-mallocr.o)
 .debug_frame   0x00003cec       0x2c c:/program files (x86)/atollic/truestudio for stm32 9.1.0/armtools/bin/../lib/gcc/arm-atollic-eabi/6.3.1/../../../../arm-atollic-eabi/lib/armv7e-m/softfp\libc_nano.a(lib_a-sbrkr.o)
 .debug_frame   0x00003d18       0x88 c:/program files (x86)/atollic/truestudio for stm32 9.1.0/armtools/bin/../lib/gcc/arm-atollic-eabi/6.3.1/../../../../arm-atollic-eabi/lib/armv7e-m/softfp\libc_nano.a(lib_a-stdio.o)
 .debug_frame   0x00003da0       0x2c c:/program files (x86)/atollic/truestudio for stm32 9.1.0/armtools/bin/../lib/gcc/arm-atollic-eabi/6.3.1/../../../../arm-atollic-eabi/lib/armv7e-m/softfp\libc_nano.a(lib_a-writer.o)
 .debug_frame   0x00003dcc       0x2c c:/program files (x86)/atollic/truestudio for stm32 9.1.0/armtools/bin/../lib/gcc/arm-atollic-eabi/6.3.1/../../../../arm-atollic-eabi/lib/armv7e-m/softfp\libc_nano.a(lib_a-closer.o)
 .debug_frame   0x00003df8       0x2c c:/program files (x86)/atollic/truestudio for stm32 9.1.0/armtools/bin/../lib/gcc/arm-atollic-eabi/6.3.1/../../../../arm-atollic-eabi/lib/armv7e-m/softfp\libc_nano.a(lib_a-fstatr.o)
 .debug_frame   0x00003e24       0x2c c:/program files (x86)/atollic/truestudio for stm32 9.1.0/armtools/bin/../lib/gcc/arm-atollic-eabi/6.3.1/../../../../arm-atollic-eabi/lib/armv7e-m/softfp\libc_nano.a(lib_a-isattyr.o)
 .debug_frame   0x00003e50       0x2c c:/program files (x86)/atollic/truestudio for stm32 9.1.0/armtools/bin/../lib/gcc/arm-atollic-eabi/6.3.1/../../../../arm-atollic-eabi/lib/armv7e-m/softfp\libc_nano.a(lib_a-lseekr.o)
 .debug_frame   0x00003e7c       0x30 c:/program files (x86)/atollic/truestudio for stm32 9.1.0/armtools/bin/../lib/gcc/arm-atollic-eabi/6.3.1/../../../../arm-atollic-eabi/lib/armv7e-m/softfp\libc_nano.a(lib_a-mlock.o)
 .debug_frame   0x00003eac       0x2c c:/program files (x86)/atollic/truestudio for stm32 9.1.0/armtools/bin/../lib/gcc/arm-atollic-eabi/6.3.1/../../../../arm-atollic-eabi/lib/armv7e-m/softfp\libc_nano.a(lib_a-readr.o)
 .debug_frame   0x00003ed8       0xac c:/program files (x86)/atollic/truestudio for stm32 9.1.0/armtools/bin/../lib/gcc/arm-atollic-eabi/6.3.1/armv7e-m/softfp\libgcc.a(_arm_addsubdf3.o)
 .debug_frame   0x00003f84       0x50 c:/program files (x86)/atollic/truestudio for stm32 9.1.0/armtools/bin/../lib/gcc/arm-atollic-eabi/6.3.1/armv7e-m/softfp\libgcc.a(_arm_muldivdf3.o)
 .debug_frame   0x00003fd4       0x24 c:/program files (x86)/atollic/truestudio for stm32 9.1.0/armtools/bin/../lib/gcc/arm-atollic-eabi/6.3.1/armv7e-m/softfp\libgcc.a(_arm_fixdfsi.o)

Cross Reference Table

Symbol                                            File
ADC_AnalogWatchdogCmd                             Libraries\STM32F4xx_StdPeriph_Driver\src\stm32f4xx_adc.o
ADC_AnalogWatchdogSingleChannelConfig             Libraries\STM32F4xx_StdPeriph_Driver\src\stm32f4xx_adc.o
ADC_AnalogWatchdogThresholdsConfig                Libraries\STM32F4xx_StdPeriph_Driver\src\stm32f4xx_adc.o
ADC_AutoInjectedConvCmd                           Libraries\STM32F4xx_StdPeriph_Driver\src\stm32f4xx_adc.o
ADC_ClearFlag                                     Libraries\STM32F4xx_StdPeriph_Driver\src\stm32f4xx_adc.o
ADC_ClearITPendingBit                             Libraries\STM32F4xx_StdPeriph_Driver\src\stm32f4xx_adc.o
ADC_Cmd                                           Libraries\STM32F4xx_StdPeriph_Driver\src\stm32f4xx_adc.o
                                                  src\main.o
ADC_CommonInit                                    Libraries\STM32F4xx_StdPeriph_Driver\src\stm32f4xx_adc.o
ADC_CommonStructInit                              Libraries\STM32F4xx_StdPeriph_Driver\src\stm32f4xx_adc.o
ADC_ContinuousModeCmd                             Libraries\STM32F4xx_StdPeriph_Driver\src\stm32f4xx_adc.o
ADC_DMACmd                                        Libraries\STM32F4xx_StdPeriph_Driver\src\stm32f4xx_adc.o
ADC_DMARequestAfterLastTransferCmd                Libraries\STM32F4xx_StdPeriph_Driver\src\stm32f4xx_adc.o
ADC_DeInit                                        Libraries\STM32F4xx_StdPeriph_Driver\src\stm32f4xx_adc.o
ADC_DiscModeChannelCountConfig                    Libraries\STM32F4xx_StdPeriph_Driver\src\stm32f4xx_adc.o
ADC_DiscModeCmd                                   Libraries\STM32F4xx_StdPeriph_Driver\src\stm32f4xx_adc.o
ADC_EOCOnEachRegularChannelCmd                    Libraries\STM32F4xx_StdPeriph_Driver\src\stm32f4xx_adc.o
ADC_ExternalTrigInjectedConvConfig                Libraries\STM32F4xx_StdPeriph_Driver\src\stm32f4xx_adc.o
ADC_ExternalTrigInjectedConvEdgeConfig            Libraries\STM32F4xx_StdPeriph_Driver\src\stm32f4xx_adc.o
ADC_GetConversionValue                            Libraries\STM32F4xx_StdPeriph_Driver\src\stm32f4xx_adc.o
                                                  src\main.o
ADC_GetFlagStatus                                 Libraries\STM32F4xx_StdPeriph_Driver\src\stm32f4xx_adc.o
                                                  src\main.o
ADC_GetITStatus                                   Libraries\STM32F4xx_StdPeriph_Driver\src\stm32f4xx_adc.o
ADC_GetInjectedConversionValue                    Libraries\STM32F4xx_StdPeriph_Driver\src\stm32f4xx_adc.o
ADC_GetMultiModeConversionValue                   Libraries\STM32F4xx_StdPeriph_Driver\src\stm32f4xx_adc.o
ADC_GetSoftwareStartConvStatus                    Libraries\STM32F4xx_StdPeriph_Driver\src\stm32f4xx_adc.o
ADC_GetSoftwareStartInjectedConvCmdStatus         Libraries\STM32F4xx_StdPeriph_Driver\src\stm32f4xx_adc.o
ADC_IRQHandler                                    src\startup_stm32f4xx.o
ADC_ITConfig                                      Libraries\STM32F4xx_StdPeriph_Driver\src\stm32f4xx_adc.o
ADC_Init                                          Libraries\STM32F4xx_StdPeriph_Driver\src\stm32f4xx_adc.o
                                                  src\main.o
ADC_InjectedChannelConfig                         Libraries\STM32F4xx_StdPeriph_Driver\src\stm32f4xx_adc.o
ADC_InjectedDiscModeCmd                           Libraries\STM32F4xx_StdPeriph_Driver\src\stm32f4xx_adc.o
ADC_InjectedSequencerLengthConfig                 Libraries\STM32F4xx_StdPeriph_Driver\src\stm32f4xx_adc.o
ADC_MultiModeDMARequestAfterLastTransferCmd       Libraries\STM32F4xx_StdPeriph_Driver\src\stm32f4xx_adc.o
ADC_RegularChannelConfig                          Libraries\STM32F4xx_StdPeriph_Driver\src\stm32f4xx_adc.o
                                                  src\main.o
ADC_SetInjectedOffset                             Libraries\STM32F4xx_StdPeriph_Driver\src\stm32f4xx_adc.o
ADC_SoftwareStartConv                             Libraries\STM32F4xx_StdPeriph_Driver\src\stm32f4xx_adc.o
                                                  src\main.o
ADC_SoftwareStartInjectedConv                     Libraries\STM32F4xx_StdPeriph_Driver\src\stm32f4xx_adc.o
ADC_StructInit                                    Libraries\STM32F4xx_StdPeriph_Driver\src\stm32f4xx_adc.o
ADC_TempSensorVrefintCmd                          Libraries\STM32F4xx_StdPeriph_Driver\src\stm32f4xx_adc.o
ADC_VBATCmd                                       Libraries\STM32F4xx_StdPeriph_Driver\src\stm32f4xx_adc.o
AHBPrescTable                                     src\system_stm32f4xx.o
AUDIO_MAL_DMA_CHANNEL                             Utilities\STM32F4-Discovery\stm32f4_discovery_audio_codec.o
AUDIO_MAL_DMA_CLOCK                               Utilities\STM32F4-Discovery\stm32f4_discovery_audio_codec.o
AUDIO_MAL_DMA_DREG                                Utilities\STM32F4-Discovery\stm32f4_discovery_audio_codec.o
AUDIO_MAL_DMA_FLAG_DME                            Utilities\STM32F4-Discovery\stm32f4_discovery_audio_codec.o
AUDIO_MAL_DMA_FLAG_FE                             Utilities\STM32F4-Discovery\stm32f4_discovery_audio_codec.o
AUDIO_MAL_DMA_FLAG_HT                             Utilities\STM32F4-Discovery\stm32f4_discovery_audio_codec.o
AUDIO_MAL_DMA_FLAG_TC                             Utilities\STM32F4-Discovery\stm32f4_discovery_audio_codec.o
AUDIO_MAL_DMA_FLAG_TE                             Utilities\STM32F4-Discovery\stm32f4_discovery_audio_codec.o
AUDIO_MAL_DMA_IRQ                                 Utilities\STM32F4-Discovery\stm32f4_discovery_audio_codec.o
AUDIO_MAL_DMA_InitStructure                       Utilities\STM32F4-Discovery\stm32f4_discovery_audio_codec.o
AUDIO_MAL_DMA_STREAM                              Utilities\STM32F4-Discovery\stm32f4_discovery_audio_codec.o
AudioRemSize                                      Utilities\STM32F4-Discovery\stm32f4_discovery_audio_codec.o
AudioTotalSize                                    Utilities\STM32F4-Discovery\stm32f4_discovery_audio_codec.o
Audio_MAL_Play                                    Utilities\STM32F4-Discovery\stm32f4_discovery_audio_codec.o
BUTTON_CLK                                        Utilities\STM32F4-Discovery\stm32f4_discovery.o
BUTTON_EXTI_LINE                                  Utilities\STM32F4-Discovery\stm32f4_discovery.o
BUTTON_IRQn                                       Utilities\STM32F4-Discovery\stm32f4_discovery.o
BUTTON_PIN                                        Utilities\STM32F4-Discovery\stm32f4_discovery.o
BUTTON_PIN_SOURCE                                 Utilities\STM32F4-Discovery\stm32f4_discovery.o
BUTTON_PORT                                       Utilities\STM32F4-Discovery\stm32f4_discovery.o
BUTTON_PORT_SOURCE                                Utilities\STM32F4-Discovery\stm32f4_discovery.o
BusFault_Handler                                  src\stm32f4xx_it.o
                                                  src\startup_stm32f4xx.o
CAN1_RX0_IRQHandler                               src\startup_stm32f4xx.o
CAN1_RX1_IRQHandler                               src\startup_stm32f4xx.o
CAN1_SCE_IRQHandler                               src\startup_stm32f4xx.o
CAN1_TX_IRQHandler                                src\startup_stm32f4xx.o
CAN2_RX0_IRQHandler                               src\startup_stm32f4xx.o
CAN2_RX1_IRQHandler                               src\startup_stm32f4xx.o
CAN2_SCE_IRQHandler                               src\startup_stm32f4xx.o
CAN2_TX_IRQHandler                                src\startup_stm32f4xx.o
CAN_CancelTransmit                                Libraries\STM32F4xx_StdPeriph_Driver\src\stm32f4xx_can.o
CAN_ClearFlag                                     Libraries\STM32F4xx_StdPeriph_Driver\src\stm32f4xx_can.o
CAN_ClearITPendingBit                             Libraries\STM32F4xx_StdPeriph_Driver\src\stm32f4xx_can.o
CAN_DBGFreeze                                     Libraries\STM32F4xx_StdPeriph_Driver\src\stm32f4xx_can.o
CAN_DeInit                                        Libraries\STM32F4xx_StdPeriph_Driver\src\stm32f4xx_can.o
CAN_FIFORelease                                   Libraries\STM32F4xx_StdPeriph_Driver\src\stm32f4xx_can.o