core_cm4.h:1037:22:NVIC_SetPriorityGrouping	24	static
main.c:196:6:init	56	static
main.c:250:5:main	24	static
main.c:309:13:Potentiometer_Read_Task	24	static
main.c:332:14:Traffic_Generator_Task	40	static
main.c:356:6:Traffic_Light_State_Task	32	static
main.c:397:6:update_traffic_display	24	static
main.c:414:5:traffic_light_is_green	8	static
main.c:420:13:System_Display_Task	112	static
main.c:459:6:vApplicationMallocFailedHook	4	static
main.c:473:6:vApplicationStackOverflowHook	16	static
main.c:487:6:vApplicationIdleHook	16	static
main.c:509:13:prvSetupHardware	8	static
